Starting a Gradle Daemon (subsequent builds will be faster)
Configuration on demand is an incubating feature.
> Task :gradle-plugin:settings-plugin:checkKotlinGradlePluginConfigurationErrors SKIPPED
> Task :gradle-plugin:shared:checkKotlinGradlePluginConfigurationErrors SKIPPED
> Task :gradle-plugin:settings-plugin:pluginDescriptors UP-TO-DATE
> Task :gradle-plugin:settings-plugin:processResources UP-TO-DATE
> Task :gradle-plugin:shared:compileKotlin UP-TO-DATE
> Task :gradle-plugin:shared:compileJava NO-SOURCE
> Task :gradle-plugin:shared:processResources NO-SOURCE
> Task :gradle-plugin:shared:classes UP-TO-DATE
> Task :gradle-plugin:shared:jar UP-TO-DATE
> Task :gradle-plugin:settings-plugin:compileKotlin UP-TO-DATE
> Task :gradle-plugin:settings-plugin:compileJava NO-SOURCE
> Task :gradle-plugin:settings-plugin:classes UP-TO-DATE
> Task :gradle-plugin:settings-plugin:jar UP-TO-DATE
> Task :gradle-plugin:react-native-gradle-plugin:checkKotlinGradlePluginConfigurationErrors SKIPPED
> Task :gradle-plugin:react-native-gradle-plugin:compileKotlin UP-TO-DATE
> Task :gradle-plugin:react-native-gradle-plugin:compileJava NO-SOURCE
> Task :gradle-plugin:react-native-gradle-plugin:pluginDescriptors UP-TO-DATE
> Task :gradle-plugin:react-native-gradle-plugin:processResources UP-TO-DATE
> Task :gradle-plugin:react-native-gradle-plugin:classes UP-TO-DATE
> Task :gradle-plugin:react-native-gradle-plugin:jar UP-TO-DATE

> Configure project :app
Reading env from: .env

> Configure project :react-native-mmkv
[react-native-mmkv] Thank you for using react-native-mmkv ÔØñ´©Å
[react-native-mmkv] If you enjoy using react-native-mmkv, please consider sponsoring this project: https://github.com/sponsors/mrousavy

> Task :react-native-community_netinfo:preBuild UP-TO-DATE
> Task :react-native-fast-image:preBuild UP-TO-DATE
> Task :react-native-device-info:preBuild UP-TO-DATE
> Task :react-native-community_netinfo:preReleaseBuild UP-TO-DATE
> Task :react-native-device-info:preReleaseBuild UP-TO-DATE
> Task :react-native-fs:preBuild UP-TO-DATE
> Task :react-native-fs:preReleaseBuild UP-TO-DATE
> Task :react-native-fast-image:preReleaseBuild UP-TO-DATE
> Task :react-native-fast-image:mergeReleaseJniLibFolders UP-TO-DATE
> Task :react-native-device-info:mergeReleaseJniLibFolders UP-TO-DATE
> Task :react-native-fs:mergeReleaseJniLibFolders UP-TO-DATE
> Task :react-native-community_netinfo:mergeReleaseJniLibFolders UP-TO-DATE
> Task :react-native-fs:mergeReleaseNativeLibs NO-SOURCE
> Task :react-native-fast-image:mergeReleaseNativeLibs NO-SOURCE
> Task :react-native-device-info:mergeReleaseNativeLibs NO-SOURCE
> Task :react-native-community_netinfo:mergeReleaseNativeLibs NO-SOURCE
> Task :react-native-community_netinfo:copyReleaseJniLibsProjectOnly UP-TO-DATE
> Task :react-native-device-info:copyReleaseJniLibsProjectOnly UP-TO-DATE
> Task :react-native-fs:copyReleaseJniLibsProjectOnly UP-TO-DATE
> Task :react-native-fast-image:copyReleaseJniLibsProjectOnly UP-TO-DATE
> Task :app:generateAutolinkingNewArchitectureFiles UP-TO-DATE
> Task :react-native-gesture-handler:generateCodegenSchemaFromJavaScript UP-TO-DATE
> Task :react-native-image-picker:generateCodegenSchemaFromJavaScript UP-TO-DATE
> Task :lottie-react-native:generateCodegenSchemaFromJavaScript UP-TO-DATE
> Task :react-native-haptic-feedback:generateCodegenSchemaFromJavaScript UP-TO-DATE
> Task :react-native-config:generateCodegenSchemaFromJavaScript UP-TO-DATE
> Task :react-native-async-storage_async-storage:generateCodegenSchemaFromJavaScript UP-TO-DATE
> Task :react-native-google-signin_google-signin:generateCodegenSchemaFromJavaScript UP-TO-DATE
> Task :app:generateAutolinkingPackageList UP-TO-DATE
> Task :app:generateCodegenSchemaFromJavaScript SKIPPED
> Task :app:generateCodegenArtifactsFromSchema SKIPPED
> Task :app:generateReactNativeEntryPoint UP-TO-DATE
> Task :app:preBuild UP-TO-DATE
> Task :app:preReleaseBuild UP-TO-DATE
> Task :react-native-google-signin_google-signin:generateCodegenArtifactsFromSchema UP-TO-DATE
> Task :react-native-image-picker:generateCodegenArtifactsFromSchema UP-TO-DATE
> Task :react-native-image-picker:preBuild UP-TO-DATE
> Task :react-native-google-signin_google-signin:preBuild UP-TO-DATE
> Task :react-native-image-picker:preReleaseBuild UP-TO-DATE
> Task :react-native-google-signin_google-signin:preReleaseBuild UP-TO-DATE
> Task :lottie-react-native:generateCodegenArtifactsFromSchema UP-TO-DATE
> Task :lottie-react-native:preBuild UP-TO-DATE
> Task :lottie-react-native:preReleaseBuild UP-TO-DATE
> Task :lottie-react-native:mergeReleaseJniLibFolders UP-TO-DATE
> Task :lottie-react-native:mergeReleaseNativeLibs NO-SOURCE
> Task :react-native-async-storage_async-storage:generateCodegenArtifactsFromSchema UP-TO-DATE
> Task :react-native-config:generateCodegenArtifactsFromSchema UP-TO-DATE
> Task :react-native-haptic-feedback:generateCodegenArtifactsFromSchema UP-TO-DATE
> Task :react-native-config:preBuild UP-TO-DATE
> Task :react-native-haptic-feedback:preBuild UP-TO-DATE
> Task :react-native-image-picker:mergeReleaseJniLibFolders UP-TO-DATE
> Task :react-native-config:preReleaseBuild UP-TO-DATE
> Task :react-native-haptic-feedback:preReleaseBuild UP-TO-DATE
> Task :react-native-async-storage_async-storage:preBuild UP-TO-DATE
> Task :react-native-async-storage_async-storage:preReleaseBuild UP-TO-DATE
> Task :react-native-haptic-feedback:mergeReleaseJniLibFolders UP-TO-DATE
> Task :react-native-async-storage_async-storage:mergeReleaseJniLibFolders UP-TO-DATE
> Task :lottie-react-native:copyReleaseJniLibsProjectOnly UP-TO-DATE
> Task :react-native-linear-gradient:preBuild UP-TO-DATE
> Task :react-native-linear-gradient:preReleaseBuild UP-TO-DATE
> Task :react-native-linear-gradient:mergeReleaseJniLibFolders UP-TO-DATE
> Task :react-native-async-storage_async-storage:mergeReleaseNativeLibs NO-SOURCE
> Task :react-native-gesture-handler:generateCodegenArtifactsFromSchema UP-TO-DATE
> Task :react-native-config:mergeReleaseJniLibFolders UP-TO-DATE
> Task :react-native-gesture-handler:preBuild UP-TO-DATE
> Task :react-native-gesture-handler:preReleaseBuild UP-TO-DATE
> Task :react-native-async-storage_async-storage:copyReleaseJniLibsProjectOnly UP-TO-DATE
> Task :react-native-linear-gradient:mergeReleaseNativeLibs NO-SOURCE
> Task :react-native-config:mergeReleaseNativeLibs NO-SOURCE
> Task :react-native-config:copyReleaseJniLibsProjectOnly UP-TO-DATE
> Task :react-native-haptic-feedback:mergeReleaseNativeLibs NO-SOURCE
> Task :react-native-haptic-feedback:copyReleaseJniLibsProjectOnly UP-TO-DATE
> Task :react-native-linear-gradient:copyReleaseJniLibsProjectOnly UP-TO-DATE
> Task :react-native-safe-area-context:generateCodegenSchemaFromJavaScript UP-TO-DATE
> Task :react-native-share:generateCodegenSchemaFromJavaScript UP-TO-DATE
> Task :react-native-google-signin_google-signin:mergeReleaseJniLibFolders UP-TO-DATE
> Task :react-native-mmkv:generateCodegenSchemaFromJavaScript UP-TO-DATE
> Task :react-native-image-picker:mergeReleaseNativeLibs NO-SOURCE
> Task :react-native-image-picker:copyReleaseJniLibsProjectOnly UP-TO-DATE
> Task :react-native-screens:generateCodegenSchemaFromJavaScript UP-TO-DATE
> Task :react-native-google-signin_google-signin:mergeReleaseNativeLibs NO-SOURCE
> Task :react-native-safe-area-context:generateCodegenArtifactsFromSchema UP-TO-DATE
> Task :react-native-safe-area-context:preBuild UP-TO-DATE
> Task :react-native-google-signin_google-signin:copyReleaseJniLibsProjectOnly UP-TO-DATE
> Task :react-native-safe-area-context:preReleaseBuild UP-TO-DATE
> Task :react-native-share:generateCodegenArtifactsFromSchema UP-TO-DATE
> Task :react-native-share:preBuild UP-TO-DATE
> Task :react-native-share:preReleaseBuild UP-TO-DATE
> Task :react-native-safe-area-context:mergeReleaseJniLibFolders UP-TO-DATE
> Task :react-native-mmkv:generateCodegenArtifactsFromSchema UP-TO-DATE
> Task :react-native-mmkv:preBuild UP-TO-DATE
> Task :react-native-safe-area-context:mergeReleaseNativeLibs NO-SOURCE
> Task :react-native-mmkv:preReleaseBuild UP-TO-DATE
> Task :react-native-vector-icons:generateCodegenSchemaFromJavaScript UP-TO-DATE
> Task :react-native-share:mergeReleaseJniLibFolders UP-TO-DATE
> Task :react-native-mmkv:mergeReleaseJniLibFolders UP-TO-DATE
> Task :react-native-svg:generateCodegenSchemaFromJavaScript UP-TO-DATE
> Task :react-native-safe-area-context:copyReleaseJniLibsProjectOnly UP-TO-DATE
> Task :react-native-mmkv:mergeReleaseNativeLibs NO-SOURCE
> Task :react-native-view-shot:generateCodegenSchemaFromJavaScript UP-TO-DATE
> Task :react-native-mmkv:copyReleaseJniLibsProjectOnly UP-TO-DATE
> Task :react-native-google-signin_google-signin:checkKotlinGradlePluginConfigurationErrors SKIPPED
> Task :react-native-vector-icons:generateCodegenArtifactsFromSchema UP-TO-DATE
> Task :react-native-screens:generateCodegenArtifactsFromSchema UP-TO-DATE
> Task :react-native-view-shot:generateCodegenArtifactsFromSchema UP-TO-DATE
> Task :react-native-view-shot:preBuild UP-TO-DATE
> Task :react-native-view-shot:preReleaseBuild UP-TO-DATE
> Task :react-native-share:mergeReleaseNativeLibs NO-SOURCE
> Task :react-native-screens:preBuild UP-TO-DATE
> Task :react-native-screens:preReleaseBuild UP-TO-DATE
> Task :react-native-vector-icons:preBuild UP-TO-DATE
> Task :react-native-share:copyReleaseJniLibsProjectOnly UP-TO-DATE
> Task :react-native-vector-icons:preReleaseBuild UP-TO-DATE
> Task :lottie-react-native:checkKotlinGradlePluginConfigurationErrors SKIPPED
> Task :react-native-view-shot:mergeReleaseJniLibFolders UP-TO-DATE
> Task :react-native-google-signin_google-signin:generateReleaseBuildConfig UP-TO-DATE
> Task :react-native-svg:generateCodegenArtifactsFromSchema UP-TO-DATE
> Task :lottie-react-native:generateReleaseBuildConfig UP-TO-DATE
> Task :react-native-vector-icons:mergeReleaseJniLibFolders UP-TO-DATE
> Task :react-native-svg:preBuild UP-TO-DATE
> Task :react-native-svg:preReleaseBuild UP-TO-DATE
> Task :react-native-google-signin_google-signin:generateReleaseResValues UP-TO-DATE
> Task :react-native-svg:mergeReleaseJniLibFolders UP-TO-DATE
> Task :lottie-react-native:generateReleaseResValues UP-TO-DATE
> Task :react-native-google-signin_google-signin:generateReleaseResources UP-TO-DATE
> Task :react-native-view-shot:mergeReleaseNativeLibs NO-SOURCE
> Task :lottie-react-native:generateReleaseResources UP-TO-DATE
> Task :react-native-view-shot:copyReleaseJniLibsProjectOnly UP-TO-DATE
> Task :react-native-safe-area-context:checkKotlinGradlePluginConfigurationErrors SKIPPED
> Task :react-native-vector-icons:mergeReleaseNativeLibs NO-SOURCE
> Task :react-native-safe-area-context:generateReleaseBuildConfig UP-TO-DATE
> Task :lottie-react-native:packageReleaseResources UP-TO-DATE
> Task :react-native-safe-area-context:generateReleaseResValues UP-TO-DATE
> Task :react-native-safe-area-context:generateReleaseResources UP-TO-DATE
> Task :react-native-svg:mergeReleaseNativeLibs NO-SOURCE
> Task :react-native-vector-icons:copyReleaseJniLibsProjectOnly UP-TO-DATE
> Task :react-native-google-signin_google-signin:packageReleaseResources UP-TO-DATE
> Task :react-native-svg:copyReleaseJniLibsProjectOnly UP-TO-DATE
> Task :react-native-async-storage_async-storage:generateReleaseBuildConfig UP-TO-DATE
> Task :lottie-react-native:parseReleaseLocalResources UP-TO-DATE
> Task :react-native-google-signin_google-signin:parseReleaseLocalResources UP-TO-DATE
> Task :react-native-safe-area-context:packageReleaseResources UP-TO-DATE
> Task :react-native-async-storage_async-storage:generateReleaseResValues UP-TO-DATE
> Task :react-native-svg:generateReleaseBuildConfig UP-TO-DATE
> Task :react-native-svg:generateReleaseResValues UP-TO-DATE
> Task :react-native-async-storage_async-storage:generateReleaseResources UP-TO-DATE
> Task :react-native-svg:generateReleaseResources UP-TO-DATE
> Task :react-native-safe-area-context:parseReleaseLocalResources UP-TO-DATE
> Task :react-native-google-signin_google-signin:generateReleaseRFile UP-TO-DATE
> Task :lottie-react-native:generateReleaseRFile UP-TO-DATE
> Task :react-native-async-storage_async-storage:packageReleaseResources UP-TO-DATE
> Task :react-native-safe-area-context:generateReleaseRFile UP-TO-DATE
> Task :react-native-svg:packageReleaseResources UP-TO-DATE
> Task :react-native-async-storage_async-storage:parseReleaseLocalResources UP-TO-DATE
> Task :react-native-svg:parseReleaseLocalResources UP-TO-DATE
> Task :react-native-async-storage_async-storage:generateReleaseRFile UP-TO-DATE
> Task :react-native-async-storage_async-storage:javaPreCompileRelease UP-TO-DATE
> Task :react-native-svg:generateReleaseRFile UP-TO-DATE
> Task :react-native-svg:javaPreCompileRelease UP-TO-DATE
> Task :react-native-async-storage_async-storage:compileReleaseJavaWithJavac UP-TO-DATE
> Task :react-native-svg:compileReleaseJavaWithJavac UP-TO-DATE
> Task :react-native-svg:bundleLibCompileToJarRelease UP-TO-DATE
> Task :react-native-async-storage_async-storage:bundleLibRuntimeToDirRelease UP-TO-DATE
> Task :react-native-community_netinfo:generateReleaseBuildConfig UP-TO-DATE
> Task :react-native-community_netinfo:generateReleaseResValues UP-TO-DATE
> Task :react-native-community_netinfo:generateReleaseResources UP-TO-DATE
> Task :react-native-community_netinfo:packageReleaseResources UP-TO-DATE
> Task :lottie-react-native:compileReleaseKotlin UP-TO-DATE
> Task :react-native-safe-area-context:compileReleaseKotlin UP-TO-DATE
> Task :react-native-community_netinfo:parseReleaseLocalResources UP-TO-DATE
> Task :react-native-config:generateReleaseBuildConfig UP-TO-DATE
> Task :react-native-safe-area-context:javaPreCompileRelease UP-TO-DATE
> Task :lottie-react-native:javaPreCompileRelease UP-TO-DATE
> Task :react-native-config:generateReleaseResValues UP-TO-DATE
> Task :react-native-config:generateReleaseResources UP-TO-DATE
> Task :react-native-community_netinfo:generateReleaseRFile UP-TO-DATE
> Task :react-native-google-signin_google-signin:compileReleaseKotlin UP-TO-DATE
> Task :react-native-community_netinfo:javaPreCompileRelease UP-TO-DATE
> Task :react-native-safe-area-context:compileReleaseJavaWithJavac UP-TO-DATE
> Task :lottie-react-native:compileReleaseJavaWithJavac UP-TO-DATE
> Task :react-native-safe-area-context:bundleLibRuntimeToDirRelease UP-TO-DATE
> Task :lottie-react-native:bundleLibRuntimeToDirRelease UP-TO-DATE
> Task :react-native-google-signin_google-signin:javaPreCompileRelease UP-TO-DATE
> Task :react-native-config:packageReleaseResources UP-TO-DATE
> Task :react-native-config:parseReleaseLocalResources UP-TO-DATE
> Task :react-native-community_netinfo:compileReleaseJavaWithJavac UP-TO-DATE
> Task :react-native-google-signin_google-signin:compileReleaseJavaWithJavac UP-TO-DATE
> Task :react-native-device-info:generateReleaseBuildConfig UP-TO-DATE
> Task :react-native-device-info:generateReleaseResValues UP-TO-DATE
> Task :react-native-fast-image:generateReleaseBuildConfig UP-TO-DATE
> Task :react-native-fast-image:generateReleaseResValues UP-TO-DATE
> Task :react-native-device-info:generateReleaseResources UP-TO-DATE
> Task :react-native-config:generateReleaseRFile UP-TO-DATE
> Task :react-native-google-signin_google-signin:bundleLibRuntimeToDirRelease UP-TO-DATE
> Task :react-native-fast-image:generateReleaseResources UP-TO-DATE
> Task :react-native-device-info:packageReleaseResources UP-TO-DATE
> Task :react-native-community_netinfo:bundleLibRuntimeToDirRelease UP-TO-DATE
> Task :react-native-device-info:parseReleaseLocalResources UP-TO-DATE
> Task :react-native-fast-image:packageReleaseResources UP-TO-DATE
> Task :react-native-config:javaPreCompileRelease UP-TO-DATE
> Task :react-native-device-info:generateReleaseRFile UP-TO-DATE
> Task :react-native-fast-image:parseReleaseLocalResources UP-TO-DATE
> Task :react-native-device-info:javaPreCompileRelease UP-TO-DATE
> Task :react-native-fast-image:generateReleaseRFile UP-TO-DATE
> Task :react-native-fast-image:javaPreCompileRelease UP-TO-DATE
> Task :react-native-fs:generateReleaseBuildConfig UP-TO-DATE
> Task :react-native-device-info:compileReleaseJavaWithJavac UP-TO-DATE
> Task :react-native-fs:generateReleaseResValues UP-TO-DATE
> Task :react-native-fs:generateReleaseResources UP-TO-DATE
> Task :react-native-haptic-feedback:generateReleaseBuildConfig UP-TO-DATE
> Task :react-native-haptic-feedback:generateReleaseResValues UP-TO-DATE
> Task :react-native-device-info:bundleLibRuntimeToDirRelease UP-TO-DATE
> Task :react-native-haptic-feedback:generateReleaseResources UP-TO-DATE
> Task :react-native-haptic-feedback:packageReleaseResources UP-TO-DATE
> Task :react-native-image-picker:generateReleaseBuildConfig UP-TO-DATE
> Task :react-native-image-picker:generateReleaseResValues UP-TO-DATE
> Task :react-native-haptic-feedback:parseReleaseLocalResources UP-TO-DATE
> Task :react-native-image-picker:generateReleaseResources UP-TO-DATE
> Task :react-native-haptic-feedback:generateReleaseRFile UP-TO-DATE
> Task :react-native-haptic-feedback:javaPreCompileRelease UP-TO-DATE
> Task :react-native-image-picker:packageReleaseResources UP-TO-DATE
> Task :react-native-image-picker:parseReleaseLocalResources UP-TO-DATE
> Task :react-native-fs:packageReleaseResources UP-TO-DATE
> Task :react-native-fs:parseReleaseLocalResources UP-TO-DATE
> Task :react-native-image-picker:generateReleaseRFile UP-TO-DATE
> Task :react-native-haptic-feedback:compileReleaseJavaWithJavac UP-TO-DATE
> Task :react-native-image-picker:javaPreCompileRelease UP-TO-DATE
> Task :react-native-fast-image:compileReleaseJavaWithJavac UP-TO-DATE
> Task :react-native-fs:generateReleaseRFile UP-TO-DATE
> Task :react-native-haptic-feedback:bundleLibRuntimeToDirRelease UP-TO-DATE
> Task :react-native-fs:javaPreCompileRelease UP-TO-DATE
> Task :react-native-config:compileReleaseJavaWithJavac UP-TO-DATE
> Task :react-native-fast-image:bundleLibRuntimeToDirRelease UP-TO-DATE
> Task :react-native-config:bundleLibRuntimeToDirRelease UP-TO-DATE
> Task :react-native-linear-gradient:generateReleaseBuildConfig UP-TO-DATE
> Task :react-native-linear-gradient:generateReleaseResValues UP-TO-DATE
> Task :react-native-linear-gradient:generateReleaseResources UP-TO-DATE
> Task :react-native-image-picker:compileReleaseJavaWithJavac UP-TO-DATE
> Task :react-native-mmkv:generateReleaseBuildConfig UP-TO-DATE
> Task :react-native-mmkv:generateReleaseResValues UP-TO-DATE
> Task :react-native-linear-gradient:packageReleaseResources UP-TO-DATE
> Task :react-native-mmkv:generateReleaseResources UP-TO-DATE
> Task :react-native-linear-gradient:parseReleaseLocalResources UP-TO-DATE
> Task :react-native-fs:compileReleaseJavaWithJavac UP-TO-DATE
> Task :react-native-share:generateReleaseBuildConfig UP-TO-DATE
> Task :react-native-image-picker:bundleLibRuntimeToDirRelease UP-TO-DATE
> Task :react-native-fs:bundleLibRuntimeToDirRelease UP-TO-DATE
> Task :react-native-share:generateReleaseResValues UP-TO-DATE
> Task :react-native-mmkv:packageReleaseResources UP-TO-DATE
> Task :react-native-linear-gradient:generateReleaseRFile UP-TO-DATE
> Task :react-native-mmkv:parseReleaseLocalResources UP-TO-DATE
> Task :react-native-share:generateReleaseResources UP-TO-DATE
> Task :react-native-linear-gradient:javaPreCompileRelease UP-TO-DATE
> Task :react-native-mmkv:generateReleaseRFile UP-TO-DATE
> Task :react-native-mmkv:javaPreCompileRelease UP-TO-DATE
> Task :react-native-share:packageReleaseResources UP-TO-DATE
> Task :react-native-mmkv:compileReleaseJavaWithJavac UP-TO-DATE
> Task :react-native-mmkv:bundleLibRuntimeToDirRelease UP-TO-DATE
> Task :react-native-share:parseReleaseLocalResources UP-TO-DATE
> Task :react-native-share:generateReleaseRFile UP-TO-DATE
> Task :react-native-vector-icons:generateReleaseBuildConfig UP-TO-DATE
> Task :react-native-share:javaPreCompileRelease UP-TO-DATE
> Task :react-native-vector-icons:generateReleaseResValues UP-TO-DATE
> Task :react-native-svg:bundleLibRuntimeToDirRelease UP-TO-DATE
> Task :react-native-vector-icons:generateReleaseResources UP-TO-DATE
> Task :react-native-view-shot:generateReleaseBuildConfig UP-TO-DATE
> Task :react-native-view-shot:generateReleaseResValues UP-TO-DATE
> Task :react-native-linear-gradient:compileReleaseJavaWithJavac UP-TO-DATE
> Task :react-native-view-shot:generateReleaseResources UP-TO-DATE
> Task :react-native-vector-icons:packageReleaseResources UP-TO-DATE
> Task :react-native-vector-icons:parseReleaseLocalResources UP-TO-DATE
> Task :react-native-linear-gradient:bundleLibRuntimeToDirRelease UP-TO-DATE
> Task :lottie-react-native:writeReleaseAarMetadata UP-TO-DATE
> Task :react-native-async-storage_async-storage:writeReleaseAarMetadata UP-TO-DATE
> Task :react-native-community_netinfo:writeReleaseAarMetadata UP-TO-DATE
> Task :react-native-vector-icons:generateReleaseRFile UP-TO-DATE
> Task :react-native-config:writeReleaseAarMetadata UP-TO-DATE
> Task :react-native-device-info:writeReleaseAarMetadata UP-TO-DATE
> Task :react-native-fast-image:writeReleaseAarMetadata UP-TO-DATE
> Task :react-native-view-shot:packageReleaseResources UP-TO-DATE
> Task :react-native-vector-icons:javaPreCompileRelease UP-TO-DATE
> Task :react-native-view-shot:parseReleaseLocalResources UP-TO-DATE
> Task :react-native-share:compileReleaseJavaWithJavac UP-TO-DATE
> Task :react-native-share:bundleLibRuntimeToDirRelease UP-TO-DATE
> Task :react-native-view-shot:generateReleaseRFile UP-TO-DATE
> Task :react-native-view-shot:javaPreCompileRelease UP-TO-DATE
> Task :react-native-fs:writeReleaseAarMetadata UP-TO-DATE
> Task :react-native-vector-icons:compileReleaseJavaWithJavac UP-TO-DATE
> Task :react-native-google-signin_google-signin:writeReleaseAarMetadata UP-TO-DATE
> Task :react-native-haptic-feedback:writeReleaseAarMetadata UP-TO-DATE
> Task :react-native-image-picker:writeReleaseAarMetadata UP-TO-DATE
> Task :react-native-linear-gradient:writeReleaseAarMetadata UP-TO-DATE
> Task :react-native-mmkv:writeReleaseAarMetadata UP-TO-DATE
> Task :react-native-safe-area-context:writeReleaseAarMetadata UP-TO-DATE
> Task :react-native-share:writeReleaseAarMetadata UP-TO-DATE
> Task :react-native-svg:writeReleaseAarMetadata UP-TO-DATE
> Task :react-native-vector-icons:bundleLibRuntimeToDirRelease UP-TO-DATE
> Task :lottie-react-native:extractDeepLinksRelease UP-TO-DATE
> Task :react-native-vector-icons:writeReleaseAarMetadata UP-TO-DATE
> Task :react-native-view-shot:compileReleaseJavaWithJavac UP-TO-DATE
> Task :react-native-async-storage_async-storage:extractDeepLinksRelease UP-TO-DATE
> Task :react-native-async-storage_async-storage:processReleaseManifest UP-TO-DATE
> Task :react-native-community_netinfo:extractDeepLinksRelease UP-TO-DATE
> Task :lottie-react-native:processReleaseManifest UP-TO-DATE
> Task :react-native-community_netinfo:processReleaseManifest UP-TO-DATE
> Task :react-native-device-info:extractDeepLinksRelease UP-TO-DATE
> Task :react-native-fast-image:extractDeepLinksRelease UP-TO-DATE
> Task :react-native-fs:extractDeepLinksRelease UP-TO-DATE
> Task :react-native-fast-image:processReleaseManifest UP-TO-DATE
> Task :react-native-google-signin_google-signin:extractDeepLinksRelease UP-TO-DATE
> Task :react-native-view-shot:bundleLibRuntimeToDirRelease UP-TO-DATE
> Task :react-native-view-shot:writeReleaseAarMetadata UP-TO-DATE
> Task :react-native-haptic-feedback:extractDeepLinksRelease UP-TO-DATE
> Task :react-native-config:extractDeepLinksRelease UP-TO-DATE
> Task :react-native-fs:processReleaseManifest UP-TO-DATE
> Task :react-native-device-info:processReleaseManifest UP-TO-DATE
> Task :react-native-image-picker:extractDeepLinksRelease UP-TO-DATE
> Task :react-native-google-signin_google-signin:processReleaseManifest UP-TO-DATE
> Task :react-native-linear-gradient:extractDeepLinksRelease UP-TO-DATE
> Task :react-native-haptic-feedback:processReleaseManifest UP-TO-DATE
> Task :react-native-config:processReleaseManifest UP-TO-DATE
> Task :react-native-mmkv:extractDeepLinksRelease UP-TO-DATE
> Task :react-native-share:extractDeepLinksRelease UP-TO-DATE
> Task :react-native-safe-area-context:extractDeepLinksRelease UP-TO-DATE
> Task :react-native-image-picker:processReleaseManifest UP-TO-DATE
> Task :react-native-share:processReleaseManifest UP-TO-DATE
> Task :react-native-safe-area-context:processReleaseManifest UP-TO-DATE
> Task :react-native-vector-icons:extractDeepLinksRelease UP-TO-DATE
> Task :react-native-view-shot:extractDeepLinksRelease UP-TO-DATE
> Task :react-native-vector-icons:processReleaseManifest UP-TO-DATE
> Task :lottie-react-native:compileReleaseLibraryResources UP-TO-DATE
> Task :react-native-async-storage_async-storage:compileReleaseLibraryResources UP-TO-DATE
> Task :react-native-community_netinfo:compileReleaseLibraryResources UP-TO-DATE
> Task :react-native-config:compileReleaseLibraryResources UP-TO-DATE
> Task :react-native-device-info:compileReleaseLibraryResources UP-TO-DATE
> Task :react-native-fast-image:compileReleaseLibraryResources UP-TO-DATE
> Task :react-native-linear-gradient:processReleaseManifest UP-TO-DATE
> Task :react-native-svg:extractDeepLinksRelease UP-TO-DATE
> Task :react-native-fs:compileReleaseLibraryResources UP-TO-DATE
> Task :react-native-haptic-feedback:compileReleaseLibraryResources UP-TO-DATE
> Task :react-native-image-picker:compileReleaseLibraryResources UP-TO-DATE
> Task :react-native-linear-gradient:compileReleaseLibraryResources UP-TO-DATE
> Task :react-native-safe-area-context:compileReleaseLibraryResources UP-TO-DATE
> Task :react-native-share:compileReleaseLibraryResources UP-TO-DATE
> Task :react-native-vector-icons:compileReleaseLibraryResources UP-TO-DATE
> Task :lottie-react-native:bundleLibCompileToJarRelease UP-TO-DATE
> Task :react-native-async-storage_async-storage:bundleLibCompileToJarRelease UP-TO-DATE
> Task :react-native-community_netinfo:bundleLibCompileToJarRelease UP-TO-DATE
> Task :react-native-config:bundleLibCompileToJarRelease UP-TO-DATE
> Task :react-native-device-info:bundleLibCompileToJarRelease UP-TO-DATE
> Task :react-native-fast-image:bundleLibCompileToJarRelease UP-TO-DATE
> Task :react-native-fs:bundleLibCompileToJarRelease UP-TO-DATE
> Task :react-native-haptic-feedback:bundleLibCompileToJarRelease UP-TO-DATE
> Task :react-native-image-picker:bundleLibCompileToJarRelease UP-TO-DATE
> Task :react-native-linear-gradient:bundleLibCompileToJarRelease UP-TO-DATE
> Task :react-native-safe-area-context:bundleLibCompileToJarRelease UP-TO-DATE
> Task :react-native-share:bundleLibCompileToJarRelease UP-TO-DATE
> Task :react-native-vector-icons:bundleLibCompileToJarRelease UP-TO-DATE
> Task :lottie-react-native:prepareReleaseArtProfile UP-TO-DATE
> Task :react-native-async-storage_async-storage:prepareReleaseArtProfile UP-TO-DATE
> Task :react-native-google-signin_google-signin:compileReleaseLibraryResources UP-TO-DATE
> Task :react-native-google-signin_google-signin:bundleLibCompileToJarRelease UP-TO-DATE
> Task :react-native-config:prepareReleaseArtProfile UP-TO-DATE
> Task :react-native-device-info:prepareReleaseArtProfile UP-TO-DATE
> Task :react-native-community_netinfo:prepareReleaseArtProfile UP-TO-DATE
> Task :react-native-view-shot:processReleaseManifest UP-TO-DATE
> Task :react-native-fs:prepareReleaseArtProfile UP-TO-DATE
> Task :react-native-fast-image:prepareReleaseArtProfile UP-TO-DATE
> Task :react-native-mmkv:processReleaseManifest UP-TO-DATE
> Task :react-native-svg:processReleaseManifest UP-TO-DATE
> Task :react-native-haptic-feedback:prepareReleaseArtProfile UP-TO-DATE
> Task :react-native-google-signin_google-signin:prepareReleaseArtProfile UP-TO-DATE
> Task :react-native-linear-gradient:prepareReleaseArtProfile UP-TO-DATE
> Task :react-native-image-picker:prepareReleaseArtProfile UP-TO-DATE
> Task :react-native-view-shot:compileReleaseLibraryResources UP-TO-DATE
> Task :react-native-svg:compileReleaseLibraryResources UP-TO-DATE
> Task :react-native-safe-area-context:prepareReleaseArtProfile UP-TO-DATE
> Task :react-native-share:prepareReleaseArtProfile UP-TO-DATE
> Task :react-native-mmkv:compileReleaseLibraryResources UP-TO-DATE
> Task :react-native-svg:prepareReleaseArtProfile UP-TO-DATE
> Task :react-native-vector-icons:prepareReleaseArtProfile UP-TO-DATE
> Task :lottie-react-native:bundleLibRuntimeToJarRelease UP-TO-DATE
> Task :react-native-view-shot:bundleLibCompileToJarRelease UP-TO-DATE
> Task :react-native-google-signin_google-signin:bundleLibRuntimeToJarRelease UP-TO-DATE
> Task :react-native-mmkv:bundleLibCompileToJarRelease UP-TO-DATE
> Task :react-native-safe-area-context:bundleLibRuntimeToJarRelease UP-TO-DATE
> Task :react-native-mmkv:prepareReleaseArtProfile UP-TO-DATE
> Task :react-native-async-storage_async-storage:bundleLibRuntimeToJarRelease UP-TO-DATE
> Task :react-native-community_netinfo:bundleLibRuntimeToJarRelease UP-TO-DATE
> Task :react-native-config:bundleLibRuntimeToJarRelease UP-TO-DATE
> Task :react-native-fast-image:bundleLibRuntimeToJarRelease UP-TO-DATE
> Task :react-native-view-shot:prepareReleaseArtProfile UP-TO-DATE
> Task :react-native-fs:bundleLibRuntimeToJarRelease UP-TO-DATE
> Task :react-native-haptic-feedback:bundleLibRuntimeToJarRelease UP-TO-DATE
> Task :react-native-image-picker:bundleLibRuntimeToJarRelease UP-TO-DATE
> Task :react-native-mmkv:bundleLibRuntimeToJarRelease UP-TO-DATE
> Task :react-native-device-info:bundleLibRuntimeToJarRelease UP-TO-DATE
> Task :react-native-linear-gradient:bundleLibRuntimeToJarRelease UP-TO-DATE
> Task :react-native-share:bundleLibRuntimeToJarRelease UP-TO-DATE
> Task :react-native-vector-icons:bundleLibRuntimeToJarRelease UP-TO-DATE
> Task :react-native-svg:bundleLibRuntimeToJarRelease UP-TO-DATE
> Task :react-native-view-shot:bundleLibRuntimeToJarRelease UP-TO-DATE
> Task :lottie-react-native:mergeReleaseShaders UP-TO-DATE
> Task :react-native-async-storage_async-storage:mergeReleaseShaders UP-TO-DATE
> Task :lottie-react-native:compileReleaseShaders NO-SOURCE
> Task :react-native-async-storage_async-storage:compileReleaseShaders NO-SOURCE
> Task :lottie-react-native:generateReleaseAssets UP-TO-DATE
> Task :react-native-async-storage_async-storage:generateReleaseAssets UP-TO-DATE
> Task :lottie-react-native:mergeReleaseAssets UP-TO-DATE
> Task :react-native-async-storage_async-storage:mergeReleaseAssets UP-TO-DATE
> Task :react-native-community_netinfo:mergeReleaseShaders UP-TO-DATE
> Task :react-native-community_netinfo:compileReleaseShaders NO-SOURCE
> Task :react-native-community_netinfo:generateReleaseAssets UP-TO-DATE
> Task :react-native-config:mergeReleaseShaders UP-TO-DATE
> Task :react-native-config:compileReleaseShaders NO-SOURCE
> Task :react-native-config:generateReleaseAssets UP-TO-DATE
> Task :react-native-community_netinfo:mergeReleaseAssets UP-TO-DATE
> Task :react-native-config:mergeReleaseAssets UP-TO-DATE
> Task :react-native-device-info:mergeReleaseShaders UP-TO-DATE
> Task :react-native-device-info:compileReleaseShaders NO-SOURCE
> Task :react-native-fast-image:mergeReleaseShaders UP-TO-DATE
> Task :react-native-device-info:generateReleaseAssets UP-TO-DATE
> Task :react-native-device-info:mergeReleaseAssets UP-TO-DATE
> Task :react-native-fs:mergeReleaseShaders UP-TO-DATE
> Task :react-native-fs:compileReleaseShaders NO-SOURCE
> Task :react-native-fs:generateReleaseAssets UP-TO-DATE
> Task :react-native-fs:mergeReleaseAssets UP-TO-DATE
> Task :react-native-fast-image:compileReleaseShaders NO-SOURCE
> Task :react-native-fast-image:generateReleaseAssets UP-TO-DATE
> Task :react-native-fast-image:mergeReleaseAssets UP-TO-DATE
> Task :react-native-haptic-feedback:mergeReleaseShaders UP-TO-DATE
> Task :react-native-haptic-feedback:compileReleaseShaders NO-SOURCE
> Task :react-native-haptic-feedback:generateReleaseAssets UP-TO-DATE
> Task :react-native-google-signin_google-signin:mergeReleaseShaders UP-TO-DATE
> Task :react-native-google-signin_google-signin:compileReleaseShaders NO-SOURCE
> Task :react-native-google-signin_google-signin:generateReleaseAssets UP-TO-DATE
> Task :react-native-google-signin_google-signin:mergeReleaseAssets UP-TO-DATE
> Task :react-native-haptic-feedback:mergeReleaseAssets UP-TO-DATE
> Task :react-native-mmkv:mergeReleaseShaders UP-TO-DATE
> Task :react-native-linear-gradient:mergeReleaseShaders UP-TO-DATE
> Task :react-native-image-picker:mergeReleaseShaders UP-TO-DATE
> Task :react-native-safe-area-context:mergeReleaseShaders UP-TO-DATE
> Task :react-native-linear-gradient:compileReleaseShaders NO-SOURCE
> Task :react-native-linear-gradient:generateReleaseAssets UP-TO-DATE
> Task :react-native-mmkv:compileReleaseShaders NO-SOURCE
> Task :react-native-mmkv:generateReleaseAssets UP-TO-DATE
> Task :react-native-linear-gradient:mergeReleaseAssets UP-TO-DATE
> Task :react-native-mmkv:mergeReleaseAssets UP-TO-DATE
> Task :react-native-image-picker:compileReleaseShaders NO-SOURCE
> Task :react-native-safe-area-context:compileReleaseShaders NO-SOURCE
> Task :react-native-share:mergeReleaseShaders UP-TO-DATE
> Task :react-native-image-picker:generateReleaseAssets UP-TO-DATE
> Task :react-native-svg:mergeReleaseShaders UP-TO-DATE
> Task :react-native-safe-area-context:generateReleaseAssets UP-TO-DATE
> Task :react-native-share:compileReleaseShaders NO-SOURCE
> Task :react-native-share:generateReleaseAssets UP-TO-DATE
> Task :react-native-svg:compileReleaseShaders NO-SOURCE
> Task :react-native-svg:generateReleaseAssets UP-TO-DATE
> Task :react-native-svg:mergeReleaseAssets UP-TO-DATE
> Task :react-native-image-picker:mergeReleaseAssets UP-TO-DATE
> Task :react-native-vector-icons:mergeReleaseShaders UP-TO-DATE
> Task :react-native-vector-icons:compileReleaseShaders NO-SOURCE
> Task :react-native-vector-icons:generateReleaseAssets UP-TO-DATE
> Task :react-native-safe-area-context:mergeReleaseAssets UP-TO-DATE
> Task :react-native-share:mergeReleaseAssets UP-TO-DATE
> Task :react-native-async-storage_async-storage:processReleaseJavaRes NO-SOURCE
> Task :react-native-view-shot:mergeReleaseShaders UP-TO-DATE
> Task :react-native-view-shot:compileReleaseShaders NO-SOURCE
> Task :react-native-view-shot:generateReleaseAssets UP-TO-DATE
> Task :react-native-vector-icons:mergeReleaseAssets UP-TO-DATE
> Task :react-native-view-shot:mergeReleaseAssets UP-TO-DATE
> Task :react-native-config:processReleaseJavaRes NO-SOURCE
> Task :react-native-device-info:processReleaseJavaRes NO-SOURCE
> Task :react-native-community_netinfo:processReleaseJavaRes NO-SOURCE
> Task :react-native-async-storage_async-storage:createFullJarRelease UP-TO-DATE
> Task :react-native-config:createFullJarRelease UP-TO-DATE
> Task :lottie-react-native:processReleaseJavaRes UP-TO-DATE
> Task :react-native-device-info:createFullJarRelease UP-TO-DATE
> Task :react-native-community_netinfo:createFullJarRelease UP-TO-DATE
> Task :lottie-react-native:createFullJarRelease UP-TO-DATE
> Task :react-native-config:extractProguardFiles UP-TO-DATE
> Task :react-native-community_netinfo:extractProguardFiles UP-TO-DATE
> Task :react-native-async-storage_async-storage:extractProguardFiles UP-TO-DATE
> Task :lottie-react-native:extractProguardFiles UP-TO-DATE
> Task :react-native-device-info:extractProguardFiles UP-TO-DATE
> Task :lottie-react-native:generateReleaseLintModel UP-TO-DATE
> Task :react-native-device-info:generateReleaseLintModel UP-TO-DATE
> Task :react-native-community_netinfo:generateReleaseLintModel UP-TO-DATE
> Task :react-native-config:generateReleaseLintModel UP-TO-DATE
> Task :react-native-async-storage_async-storage:generateReleaseLintModel UP-TO-DATE
> Task :react-native-async-storage_async-storage:prepareLintJarForPublish UP-TO-DATE
> Task :react-native-community_netinfo:prepareLintJarForPublish UP-TO-DATE
> Task :react-native-config:prepareLintJarForPublish UP-TO-DATE
> Task :react-native-fs:processReleaseJavaRes NO-SOURCE
> Task :react-native-svg:processReleaseJavaRes NO-SOURCE
> Task :react-native-device-info:prepareLintJarForPublish UP-TO-DATE
> Task :lottie-react-native:prepareLintJarForPublish UP-TO-DATE
> Task :react-native-fs:createFullJarRelease UP-TO-DATE
> Task :react-native-svg:createFullJarRelease UP-TO-DATE
> Task :react-native-haptic-feedback:processReleaseJavaRes NO-SOURCE
> Task :react-native-google-signin_google-signin:processReleaseJavaRes UP-TO-DATE
> Task :react-native-haptic-feedback:createFullJarRelease UP-TO-DATE
> Task :react-native-haptic-feedback:extractProguardFiles UP-TO-DATE
> Task :react-native-fast-image:processReleaseJavaRes UP-TO-DATE
> Task :react-native-fast-image:createFullJarRelease UP-TO-DATE
> Task :react-native-svg:extractProguardFiles UP-TO-DATE
> Task :react-native-fs:extractProguardFiles UP-TO-DATE
> Task :react-native-fast-image:extractProguardFiles UP-TO-DATE
> Task :react-native-google-signin_google-signin:createFullJarRelease UP-TO-DATE
> Task :react-native-google-signin_google-signin:extractProguardFiles UP-TO-DATE
> Task :react-native-screens:configureCMakeRelWithDebInfo[arm64-v8a]
> Task :app:configureCMakeRelWithDebInfo[arm64-v8a]
> Task :react-native-haptic-feedback:generateReleaseLintModel UP-TO-DATE
> Task :react-native-haptic-feedback:prepareLintJarForPublish UP-TO-DATE
> Task :react-native-image-picker:processReleaseJavaRes NO-SOURCE
> Task :react-native-image-picker:createFullJarRelease UP-TO-DATE
> Task :react-native-fast-image:generateReleaseLintModel UP-TO-DATE
> Task :react-native-image-picker:extractProguardFiles UP-TO-DATE
> Task :react-native-fast-image:prepareLintJarForPublish UP-TO-DATE
> Task :react-native-linear-gradient:processReleaseJavaRes NO-SOURCE
> Task :react-native-gesture-handler:configureCMakeRelWithDebInfo[arm64-v8a]
> Task :react-native-svg:generateReleaseLintModel UP-TO-DATE
> Task :react-native-fs:generateReleaseLintModel UP-TO-DATE
> Task :react-native-svg:prepareLintJarForPublish UP-TO-DATE
> Task :react-native-fs:prepareLintJarForPublish UP-TO-DATE
> Task :react-native-linear-gradient:createFullJarRelease UP-TO-DATE
> Task :react-native-mmkv:processReleaseJavaRes NO-SOURCE
> Task :react-native-safe-area-context:processReleaseJavaRes UP-TO-DATE
> Task :react-native-linear-gradient:extractProguardFiles UP-TO-DATE
> Task :react-native-mmkv:createFullJarRelease UP-TO-DATE
> Task :react-native-safe-area-context:createFullJarRelease UP-TO-DATE
> Task :react-native-mmkv:extractProguardFiles UP-TO-DATE
> Task :react-native-safe-area-context:extractProguardFiles UP-TO-DATE
> Task :react-native-linear-gradient:generateReleaseLintModel UP-TO-DATE
> Task :react-native-linear-gradient:prepareLintJarForPublish UP-TO-DATE
> Task :react-native-share:processReleaseJavaRes NO-SOURCE
> Task :react-native-share:createFullJarRelease UP-TO-DATE
> Task :react-native-safe-area-context:generateReleaseLintModel UP-TO-DATE
> Task :react-native-mmkv:generateReleaseLintModel UP-TO-DATE
> Task :react-native-mmkv:prepareLintJarForPublish UP-TO-DATE
> Task :react-native-safe-area-context:prepareLintJarForPublish UP-TO-DATE
> Task :react-native-view-shot:processReleaseJavaRes NO-SOURCE
> Task :react-native-image-picker:generateReleaseLintModel UP-TO-DATE
> Task :react-native-share:extractProguardFiles UP-TO-DATE
> Task :react-native-view-shot:createFullJarRelease UP-TO-DATE
> Task :react-native-vector-icons:processReleaseJavaRes NO-SOURCE
> Task :react-native-view-shot:extractProguardFiles UP-TO-DATE
> Task :react-native-vector-icons:createFullJarRelease UP-TO-DATE
> Task :react-native-vector-icons:extractProguardFiles UP-TO-DATE
> Task :react-native-share:generateReleaseLintModel UP-TO-DATE
> Task :react-native-google-signin_google-signin:generateReleaseLintModel UP-TO-DATE
> Task :react-native-image-picker:prepareLintJarForPublish UP-TO-DATE
> Task :react-native-share:prepareLintJarForPublish UP-TO-DATE
> Task :react-native-safe-area-context:stripReleaseDebugSymbols NO-SOURCE
> Task :react-native-safe-area-context:copyReleaseJniLibsProjectAndLocalJars UP-TO-DATE
> Task :react-native-safe-area-context:extractDeepLinksForAarRelease UP-TO-DATE
> Task :react-native-vector-icons:generateReleaseLintModel UP-TO-DATE
> Task :react-native-view-shot:generateReleaseLintModel UP-TO-DATE
> Task :react-native-view-shot:prepareLintJarForPublish UP-TO-DATE
> Task :react-native-async-storage_async-storage:stripReleaseDebugSymbols NO-SOURCE
> Task :react-native-async-storage_async-storage:copyReleaseJniLibsProjectAndLocalJars UP-TO-DATE
> Task :react-native-google-signin_google-signin:prepareLintJarForPublish UP-TO-DATE
> Task :lottie-react-native:stripReleaseDebugSymbols NO-SOURCE
> Task :react-native-safe-area-context:extractReleaseAnnotations UP-TO-DATE
> Task :react-native-google-signin_google-signin:stripReleaseDebugSymbols NO-SOURCE
> Task :lottie-react-native:copyReleaseJniLibsProjectAndLocalJars UP-TO-DATE
> Task :react-native-safe-area-context:mergeReleaseGeneratedProguardFiles UP-TO-DATE
> Task :react-native-google-signin_google-signin:copyReleaseJniLibsProjectAndLocalJars UP-TO-DATE
> Task :react-native-vector-icons:prepareLintJarForPublish UP-TO-DATE
> Task :react-native-safe-area-context:mergeReleaseConsumerProguardFiles UP-TO-DATE
> Task :lottie-react-native:extractDeepLinksForAarRelease UP-TO-DATE
> Task :react-native-community_netinfo:stripReleaseDebugSymbols NO-SOURCE
> Task :react-native-google-signin_google-signin:extractDeepLinksForAarRelease UP-TO-DATE
> Task :react-native-community_netinfo:copyReleaseJniLibsProjectAndLocalJars UP-TO-DATE
> Task :react-native-async-storage_async-storage:extractDeepLinksForAarRelease UP-TO-DATE
> Task :react-native-safe-area-context:mergeReleaseJavaResource UP-TO-DATE
> Task :react-native-community_netinfo:extractDeepLinksForAarRelease UP-TO-DATE
> Task :react-native-google-signin_google-signin:extractReleaseAnnotations UP-TO-DATE
> Task :lottie-react-native:extractReleaseAnnotations UP-TO-DATE
> Task :lottie-react-native:mergeReleaseGeneratedProguardFiles UP-TO-DATE
> Task :react-native-async-storage_async-storage:extractReleaseAnnotations UP-TO-DATE
> Task :react-native-google-signin_google-signin:mergeReleaseGeneratedProguardFiles UP-TO-DATE
> Task :react-native-community_netinfo:extractReleaseAnnotations UP-TO-DATE
> Task :react-native-safe-area-context:syncReleaseLibJars UP-TO-DATE
> Task :lottie-react-native:mergeReleaseConsumerProguardFiles UP-TO-DATE
> Task :react-native-async-storage_async-storage:mergeReleaseGeneratedProguardFiles UP-TO-DATE
> Task :react-native-community_netinfo:mergeReleaseGeneratedProguardFiles UP-TO-DATE
> Task :react-native-google-signin_google-signin:mergeReleaseConsumerProguardFiles UP-TO-DATE
> Task :react-native-community_netinfo:mergeReleaseConsumerProguardFiles UP-TO-DATE
> Task :react-native-async-storage_async-storage:mergeReleaseConsumerProguardFiles UP-TO-DATE
> Task :react-native-safe-area-context:bundleReleaseLocalLintAar UP-TO-DATE
> Task :lottie-react-native:mergeReleaseJavaResource UP-TO-DATE
> Task :react-native-google-signin_google-signin:mergeReleaseJavaResource UP-TO-DATE
> Task :react-native-community_netinfo:mergeReleaseJavaResource UP-TO-DATE
> Task :react-native-async-storage_async-storage:mergeReleaseJavaResource UP-TO-DATE
> Task :lottie-react-native:syncReleaseLibJars UP-TO-DATE
> Task :react-native-config:stripReleaseDebugSymbols NO-SOURCE
> Task :react-native-community_netinfo:syncReleaseLibJars UP-TO-DATE
> Task :react-native-async-storage_async-storage:syncReleaseLibJars UP-TO-DATE
> Task :react-native-google-signin_google-signin:syncReleaseLibJars UP-TO-DATE
> Task :lottie-react-native:bundleReleaseLocalLintAar UP-TO-DATE
> Task :react-native-config:copyReleaseJniLibsProjectAndLocalJars UP-TO-DATE
> Task :react-native-config:extractDeepLinksForAarRelease UP-TO-DATE
> Task :react-native-async-storage_async-storage:bundleReleaseLocalLintAar UP-TO-DATE
> Task :react-native-community_netinfo:bundleReleaseLocalLintAar UP-TO-DATE
> Task :react-native-config:extractReleaseAnnotations UP-TO-DATE
> Task :react-native-device-info:stripReleaseDebugSymbols NO-SOURCE
> Task :react-native-device-info:copyReleaseJniLibsProjectAndLocalJars UP-TO-DATE
> Task :react-native-config:mergeReleaseGeneratedProguardFiles UP-TO-DATE
> Task :react-native-device-info:extractDeepLinksForAarRelease UP-TO-DATE
> Task :react-native-fast-image:stripReleaseDebugSymbols NO-SOURCE
> Task :react-native-fast-image:copyReleaseJniLibsProjectAndLocalJars UP-TO-DATE
> Task :react-native-config:mergeReleaseConsumerProguardFiles UP-TO-DATE
> Task :react-native-google-signin_google-signin:bundleReleaseLocalLintAar UP-TO-DATE
> Task :react-native-fast-image:extractDeepLinksForAarRelease UP-TO-DATE
> Task :react-native-config:mergeReleaseJavaResource UP-TO-DATE
> Task :react-native-device-info:extractReleaseAnnotations UP-TO-DATE
> Task :react-native-device-info:mergeReleaseGeneratedProguardFiles UP-TO-DATE
> Task :react-native-device-info:mergeReleaseConsumerProguardFiles UP-TO-DATE
> Task :react-native-config:syncReleaseLibJars UP-TO-DATE
> Task :react-native-fast-image:extractReleaseAnnotations UP-TO-DATE
> Task :react-native-fast-image:mergeReleaseGeneratedProguardFiles UP-TO-DATE
> Task :react-native-fast-image:mergeReleaseConsumerProguardFiles UP-TO-DATE
> Task :react-native-config:bundleReleaseLocalLintAar UP-TO-DATE
> Task :react-native-device-info:mergeReleaseJavaResource UP-TO-DATE
> Task :react-native-fast-image:mergeReleaseJavaResource UP-TO-DATE
> Task :react-native-device-info:syncReleaseLibJars UP-TO-DATE
> Task :react-native-image-picker:stripReleaseDebugSymbols NO-SOURCE
> Task :react-native-fs:stripReleaseDebugSymbols NO-SOURCE
> Task :react-native-device-info:bundleReleaseLocalLintAar UP-TO-DATE
> Task :react-native-image-picker:copyReleaseJniLibsProjectAndLocalJars UP-TO-DATE
> Task :react-native-fs:copyReleaseJniLibsProjectAndLocalJars UP-TO-DATE
> Task :react-native-fast-image:syncReleaseLibJars UP-TO-DATE
> Task :react-native-haptic-feedback:stripReleaseDebugSymbols NO-SOURCE
> Task :react-native-fast-image:bundleReleaseLocalLintAar UP-TO-DATE
> Task :react-native-linear-gradient:stripReleaseDebugSymbols NO-SOURCE
> Task :react-native-image-picker:extractDeepLinksForAarRelease UP-TO-DATE
> Task :react-native-haptic-feedback:copyReleaseJniLibsProjectAndLocalJars UP-TO-DATE
> Task :react-native-linear-gradient:copyReleaseJniLibsProjectAndLocalJars UP-TO-DATE
> Task :react-native-fs:extractDeepLinksForAarRelease UP-TO-DATE
> Task :react-native-mmkv:stripReleaseDebugSymbols NO-SOURCE
> Task :react-native-linear-gradient:extractDeepLinksForAarRelease UP-TO-DATE
> Task :react-native-haptic-feedback:extractDeepLinksForAarRelease UP-TO-DATE
> Task :react-native-image-picker:extractReleaseAnnotations UP-TO-DATE
> Task :react-native-mmkv:copyReleaseJniLibsProjectAndLocalJars UP-TO-DATE
> Task :react-native-mmkv:extractDeepLinksForAarRelease UP-TO-DATE
> Task :react-native-image-picker:mergeReleaseGeneratedProguardFiles UP-TO-DATE
> Task :react-native-linear-gradient:extractReleaseAnnotations UP-TO-DATE
> Task :react-native-linear-gradient:mergeReleaseGeneratedProguardFiles UP-TO-DATE
> Task :react-native-image-picker:mergeReleaseConsumerProguardFiles UP-TO-DATE
> Task :react-native-fs:extractReleaseAnnotations UP-TO-DATE
> Task :react-native-haptic-feedback:extractReleaseAnnotations UP-TO-DATE
> Task :react-native-linear-gradient:mergeReleaseConsumerProguardFiles UP-TO-DATE
> Task :react-native-image-picker:mergeReleaseJavaResource UP-TO-DATE
> Task :react-native-linear-gradient:mergeReleaseJavaResource UP-TO-DATE
> Task :react-native-image-picker:syncReleaseLibJars UP-TO-DATE
> Task :react-native-fs:mergeReleaseGeneratedProguardFiles UP-TO-DATE
> Task :react-native-haptic-feedback:mergeReleaseGeneratedProguardFiles UP-TO-DATE
> Task :react-native-fs:mergeReleaseConsumerProguardFiles UP-TO-DATE
> Task :react-native-image-picker:bundleReleaseLocalLintAar UP-TO-DATE
> Task :react-native-mmkv:extractReleaseAnnotations UP-TO-DATE
> Task :react-native-linear-gradient:syncReleaseLibJars UP-TO-DATE
> Task :react-native-haptic-feedback:mergeReleaseConsumerProguardFiles UP-TO-DATE
> Task :react-native-mmkv:mergeReleaseGeneratedProguardFiles UP-TO-DATE
> Task :react-native-share:stripReleaseDebugSymbols NO-SOURCE
> Task :react-native-mmkv:mergeReleaseConsumerProguardFiles UP-TO-DATE
> Task :react-native-linear-gradient:bundleReleaseLocalLintAar UP-TO-DATE
> Task :react-native-svg:stripReleaseDebugSymbols NO-SOURCE
> Task :react-native-svg:copyReleaseJniLibsProjectAndLocalJars UP-TO-DATE
> Task :react-native-svg:extractDeepLinksForAarRelease UP-TO-DATE
> Task :react-native-svg:extractReleaseAnnotations UP-TO-DATE
> Task :react-native-svg:mergeReleaseGeneratedProguardFiles UP-TO-DATE
> Task :react-native-svg:mergeReleaseConsumerProguardFiles UP-TO-DATE
> Task :react-native-svg:mergeReleaseJavaResource UP-TO-DATE
> Task :react-native-svg:syncReleaseLibJars UP-TO-DATE
> Task :react-native-svg:bundleReleaseLocalLintAar UP-TO-DATE
> Task :react-native-vector-icons:stripReleaseDebugSymbols NO-SOURCE
> Task :react-native-vector-icons:copyReleaseJniLibsProjectAndLocalJars UP-TO-DATE
> Task :react-native-vector-icons:extractDeepLinksForAarRelease UP-TO-DATE
> Task :react-native-vector-icons:extractReleaseAnnotations UP-TO-DATE
> Task :react-native-vector-icons:mergeReleaseGeneratedProguardFiles UP-TO-DATE
> Task :react-native-vector-icons:mergeReleaseConsumerProguardFiles UP-TO-DATE
> Task :react-native-fs:mergeReleaseJavaResource UP-TO-DATE
> Task :react-native-haptic-feedback:mergeReleaseJavaResource UP-TO-DATE
> Task :react-native-share:copyReleaseJniLibsProjectAndLocalJars UP-TO-DATE
> Task :react-native-mmkv:mergeReleaseJavaResource UP-TO-DATE
> Task :react-native-vector-icons:mergeReleaseJavaResource UP-TO-DATE
> Task :react-native-share:extractDeepLinksForAarRelease UP-TO-DATE
> Task :react-native-fs:syncReleaseLibJars UP-TO-DATE
> Task :react-native-mmkv:syncReleaseLibJars UP-TO-DATE
> Task :react-native-vector-icons:syncReleaseLibJars UP-TO-DATE
> Task :react-native-haptic-feedback:syncReleaseLibJars UP-TO-DATE
> Task :react-native-fs:bundleReleaseLocalLintAar UP-TO-DATE
> Task :react-native-mmkv:bundleReleaseLocalLintAar UP-TO-DATE
> Task :react-native-haptic-feedback:bundleReleaseLocalLintAar UP-TO-DATE
> Task :react-native-vector-icons:bundleReleaseLocalLintAar UP-TO-DATE
> Task :react-native-view-shot:stripReleaseDebugSymbols NO-SOURCE
> Task :react-native-view-shot:copyReleaseJniLibsProjectAndLocalJars UP-TO-DATE
> Task :react-native-share:extractReleaseAnnotations UP-TO-DATE
> Task :react-native-view-shot:extractDeepLinksForAarRelease UP-TO-DATE
> Task :react-native-share:mergeReleaseGeneratedProguardFiles UP-TO-DATE
> Task :react-native-share:mergeReleaseConsumerProguardFiles UP-TO-DATE
> Task :react-native-share:mergeReleaseJavaResource UP-TO-DATE
> Task :react-native-community_netinfo:lintVitalAnalyzeRelease UP-TO-DATE
> Task :lottie-react-native:lintVitalAnalyzeRelease UP-TO-DATE
> Task :react-native-view-shot:extractReleaseAnnotations UP-TO-DATE
> Task :react-native-view-shot:mergeReleaseGeneratedProguardFiles UP-TO-DATE
> Task :lottie-react-native:writeReleaseLintModelMetadata UP-TO-DATE
> Task :react-native-async-storage_async-storage:lintVitalAnalyzeRelease UP-TO-DATE
> Task :react-native-community_netinfo:writeReleaseLintModelMetadata UP-TO-DATE
> Task :react-native-view-shot:mergeReleaseConsumerProguardFiles UP-TO-DATE
> Task :react-native-async-storage_async-storage:writeReleaseLintModelMetadata UP-TO-DATE
> Task :react-native-view-shot:mergeReleaseJavaResource UP-TO-DATE
> Task :react-native-share:syncReleaseLibJars UP-TO-DATE
> Task :react-native-share:bundleReleaseLocalLintAar UP-TO-DATE
> Task :react-native-device-info:lintVitalAnalyzeRelease UP-TO-DATE
> Task :react-native-config:lintVitalAnalyzeRelease UP-TO-DATE
> Task :react-native-fast-image:lintVitalAnalyzeRelease UP-TO-DATE
> Task :react-native-view-shot:syncReleaseLibJars UP-TO-DATE
> Task :react-native-device-info:writeReleaseLintModelMetadata UP-TO-DATE
> Task :react-native-view-shot:bundleReleaseLocalLintAar UP-TO-DATE
> Task :react-native-config:writeReleaseLintModelMetadata UP-TO-DATE
> Task :react-native-fast-image:writeReleaseLintModelMetadata UP-TO-DATE
> Task :react-native-svg:writeReleaseLintModelMetadata UP-TO-DATE
> Task :react-native-fs:lintVitalAnalyzeRelease UP-TO-DATE
> Task :react-native-fs:writeReleaseLintModelMetadata UP-TO-DATE
> Task :react-native-linear-gradient:lintVitalAnalyzeRelease UP-TO-DATE
> Task :react-native-haptic-feedback:lintVitalAnalyzeRelease UP-TO-DATE
> Task :react-native-google-signin_google-signin:lintVitalAnalyzeRelease UP-TO-DATE
> Task :react-native-image-picker:lintVitalAnalyzeRelease UP-TO-DATE
> Task :react-native-google-signin_google-signin:writeReleaseLintModelMetadata UP-TO-DATE
> Task :react-native-haptic-feedback:writeReleaseLintModelMetadata UP-TO-DATE
> Task :react-native-linear-gradient:writeReleaseLintModelMetadata UP-TO-DATE
> Task :react-native-image-picker:writeReleaseLintModelMetadata UP-TO-DATE
> Task :react-native-mmkv:lintVitalAnalyzeRelease UP-TO-DATE
> Task :react-native-safe-area-context:lintVitalAnalyzeRelease UP-TO-DATE
> Task :react-native-share:lintVitalAnalyzeRelease UP-TO-DATE
> Task :react-native-svg:lintVitalAnalyzeRelease UP-TO-DATE
> Task :react-native-safe-area-context:writeReleaseLintModelMetadata UP-TO-DATE
> Task :react-native-share:writeReleaseLintModelMetadata UP-TO-DATE
> Task :react-native-mmkv:writeReleaseLintModelMetadata UP-TO-DATE
> Task :react-native-vector-icons:lintVitalAnalyzeRelease UP-TO-DATE
> Task :lottie-react-native:generateReleaseLintVitalModel UP-TO-DATE
> Task :react-native-vector-icons:writeReleaseLintModelMetadata UP-TO-DATE
> Task :react-native-view-shot:lintVitalAnalyzeRelease UP-TO-DATE
> Task :react-native-async-storage_async-storage:generateReleaseLintVitalModel UP-TO-DATE
> Task :react-native-view-shot:writeReleaseLintModelMetadata UP-TO-DATE
> Task :react-native-fast-image:generateReleaseLintVitalModel UP-TO-DATE
> Task :react-native-config:generateReleaseLintVitalModel UP-TO-DATE
> Task :react-native-google-signin_google-signin:generateReleaseLintVitalModel UP-TO-DATE
> Task :react-native-fs:generateReleaseLintVitalModel UP-TO-DATE
> Task :react-native-image-picker:generateReleaseLintVitalModel UP-TO-DATE
> Task :react-native-haptic-feedback:generateReleaseLintVitalModel UP-TO-DATE
> Task :react-native-linear-gradient:generateReleaseLintVitalModel UP-TO-DATE
> Task :react-native-mmkv:generateReleaseLintVitalModel UP-TO-DATE
> Task :react-native-share:generateReleaseLintVitalModel UP-TO-DATE
> Task :react-native-safe-area-context:generateReleaseLintVitalModel UP-TO-DATE
> Task :react-native-vector-icons:generateReleaseLintVitalModel UP-TO-DATE
> Task :lottie-react-native:bundleReleaseAar UP-TO-DATE
> Task :react-native-community_netinfo:generateReleaseLintVitalModel UP-TO-DATE
> Task :react-native-async-storage_async-storage:bundleReleaseAar UP-TO-DATE
> Task :react-native-svg:generateReleaseLintVitalModel UP-TO-DATE
> Task :react-native-community_netinfo:bundleReleaseAar UP-TO-DATE
> Task :react-native-device-info:generateReleaseLintVitalModel UP-TO-DATE
> Task :react-native-view-shot:generateReleaseLintVitalModel UP-TO-DATE
> Task :react-native-config:bundleReleaseAar UP-TO-DATE
> Task :react-native-device-info:bundleReleaseAar UP-TO-DATE
> Task :react-native-async-storage_async-storage:mapReleaseSourceSetPaths UP-TO-DATE
> Task :react-native-config:mapReleaseSourceSetPaths UP-TO-DATE
> Task :react-native-community_netinfo:mapReleaseSourceSetPaths UP-TO-DATE
> Task :lottie-react-native:mapReleaseSourceSetPaths UP-TO-DATE
> Task :react-native-device-info:mapReleaseSourceSetPaths UP-TO-DATE
> Task :react-native-screens:buildCMakeRelWithDebInfo[arm64-v8a]
> Task :react-native-async-storage_async-storage:mergeReleaseResources UP-TO-DATE
> Task :react-native-screens:configureCMakeRelWithDebInfo[x86_64]
> Task :react-native-gesture-handler:buildCMakeRelWithDebInfo[arm64-v8a]
> Task :react-native-gesture-handler:configureCMakeRelWithDebInfo[x86_64]
> Task :react-native-screens:buildCMakeRelWithDebInfo[x86_64]
> Task :react-native-screens:mergeReleaseJniLibFolders UP-TO-DATE
> Task :react-native-screens:mergeReleaseNativeLibs UP-TO-DATE
> Task :react-native-screens:copyReleaseJniLibsProjectOnly UP-TO-DATE
> Task :react-native-screens:checkKotlinGradlePluginConfigurationErrors SKIPPED
> Task :react-native-screens:generateReleaseBuildConfig UP-TO-DATE
> Task :react-native-screens:generateReleaseResValues UP-TO-DATE
> Task :react-native-screens:generateReleaseResources UP-TO-DATE
> Task :react-native-screens:packageReleaseResources UP-TO-DATE
> Task :react-native-screens:parseReleaseLocalResources UP-TO-DATE
> Task :react-native-screens:generateReleaseRFile UP-TO-DATE
> Task :react-native-community_netinfo:mergeReleaseResources
> Task :react-native-device-info:mergeReleaseResources
> Task :app:buildCMakeRelWithDebInfo[arm64-v8a]
> Task :react-native-gesture-handler:buildCMakeRelWithDebInfo[x86_64]
> Task :react-native-gesture-handler:mergeReleaseJniLibFolders UP-TO-DATE
> Task :react-native-gesture-handler:mergeReleaseNativeLibs UP-TO-DATE
> Task :react-native-gesture-handler:copyReleaseJniLibsProjectOnly UP-TO-DATE
> Task :react-native-gesture-handler:checkKotlinGradlePluginConfigurationErrors SKIPPED
> Task :react-native-gesture-handler:generateReleaseBuildConfig UP-TO-DATE
> Task :react-native-gesture-handler:generateReleaseResValues UP-TO-DATE
> Task :react-native-gesture-handler:generateReleaseResources UP-TO-DATE
> Task :react-native-gesture-handler:packageReleaseResources UP-TO-DATE
> Task :react-native-gesture-handler:parseReleaseLocalResources UP-TO-DATE
> Task :react-native-gesture-handler:generateReleaseRFile UP-TO-DATE
> Task :react-native-config:mergeReleaseResources
> Task :lottie-react-native:mergeReleaseResources
> Task :react-native-async-storage_async-storage:verifyReleaseResources
> Task :react-native-screens:compileReleaseKotlin
> Task :react-native-community_netinfo:verifyReleaseResources
> Task :react-native-device-info:verifyReleaseResources
> Task :react-native-gesture-handler:compileReleaseKotlin
> Task :lottie-react-native:verifyReleaseResources
> Task :react-native-screens:compileReleaseKotlin UP-TO-DATE
> Task :react-native-screens:javaPreCompileRelease UP-TO-DATE
> Task :react-native-screens:compileReleaseJavaWithJavac UP-TO-DATE
> Task :react-native-screens:bundleLibRuntimeToDirRelease UP-TO-DATE
> Task :react-native-screens:writeReleaseAarMetadata UP-TO-DATE
> Task :react-native-screens:extractDeepLinksRelease UP-TO-DATE
> Task :react-native-screens:processReleaseManifest UP-TO-DATE
> Task :react-native-screens:compileReleaseLibraryResources UP-TO-DATE
> Task :react-native-screens:bundleLibCompileToJarRelease
> Task :react-native-screens:prepareReleaseArtProfile UP-TO-DATE
> Task :react-native-screens:mergeReleaseShaders UP-TO-DATE
> Task :react-native-screens:compileReleaseShaders NO-SOURCE
> Task :react-native-screens:generateReleaseAssets UP-TO-DATE
> Task :react-native-screens:mergeReleaseAssets UP-TO-DATE
> Task :react-native-screens:processReleaseJavaRes
> Task :react-native-screens:extractProguardFiles
> Task :react-native-community_netinfo:assembleRelease
> Task :react-native-device-info:assembleRelease
> Task :react-native-fast-image:bundleReleaseAar
> Task :react-native-screens:generateReleaseLintModel
> Task :react-native-screens:prepareLintJarForPublish
> Task :react-native-screens:bundleLibRuntimeToJarRelease
> Task :react-native-fast-image:mapReleaseSourceSetPaths
> Task :react-native-screens:createFullJarRelease
> Task :react-native-screens:extractDeepLinksForAarRelease
> Task :react-native-screens:extractReleaseAnnotations
> Task :react-native-screens:mergeReleaseGeneratedProguardFiles
> Task :react-native-screens:mergeReleaseConsumerProguardFiles
> Task :react-native-screens:mergeReleaseJavaResource
> Task :react-native-screens:syncReleaseLibJars
> Task :react-native-gesture-handler:compileReleaseKotlin UP-TO-DATE
> Task :react-native-gesture-handler:javaPreCompileRelease UP-TO-DATE
> Task :react-native-gesture-handler:compileReleaseJavaWithJavac UP-TO-DATE
> Task :react-native-gesture-handler:bundleLibRuntimeToDirRelease UP-TO-DATE
> Task :react-native-gesture-handler:writeReleaseAarMetadata UP-TO-DATE
> Task :react-native-gesture-handler:extractDeepLinksRelease UP-TO-DATE
> Task :react-native-gesture-handler:processReleaseManifest UP-TO-DATE
> Task :react-native-gesture-handler:compileReleaseLibraryResources UP-TO-DATE
> Task :react-native-gesture-handler:bundleLibCompileToJarRelease UP-TO-DATE
> Task :react-native-gesture-handler:prepareReleaseArtProfile UP-TO-DATE
> Task :react-native-gesture-handler:bundleLibRuntimeToJarRelease UP-TO-DATE
> Task :react-native-gesture-handler:mergeReleaseShaders UP-TO-DATE
> Task :react-native-gesture-handler:compileReleaseShaders NO-SOURCE
> Task :react-native-gesture-handler:generateReleaseAssets UP-TO-DATE
> Task :react-native-gesture-handler:mergeReleaseAssets UP-TO-DATE
> Task :react-native-gesture-handler:processReleaseJavaRes UP-TO-DATE
> Task :react-native-gesture-handler:createFullJarRelease UP-TO-DATE
> Task :react-native-gesture-handler:extractProguardFiles UP-TO-DATE
> Task :react-native-screens:stripReleaseDebugSymbols
> Task :react-native-screens:writeReleaseLintModelMetadata
> Task :react-native-screens:copyReleaseJniLibsProjectAndLocalJars
> Task :react-native-async-storage_async-storage:assembleRelease
> Task :react-native-screens:generateReleaseLintVitalModel
> Task :react-native-screens:bundleReleaseLocalLintAar
> Task :react-native-fs:bundleReleaseAar
> Task :react-native-fs:mapReleaseSourceSetPaths
> Task :react-native-google-signin_google-signin:bundleReleaseAar
> Task :react-native-google-signin_google-signin:mapReleaseSourceSetPaths
> Task :react-native-gesture-handler:generateReleaseLintModel UP-TO-DATE
> Task :react-native-gesture-handler:prepareLintJarForPublish UP-TO-DATE
> Task :react-native-gesture-handler:stripReleaseDebugSymbols UP-TO-DATE
> Task :react-native-gesture-handler:copyReleaseJniLibsProjectAndLocalJars UP-TO-DATE
> Task :react-native-gesture-handler:extractDeepLinksForAarRelease UP-TO-DATE
> Task :react-native-gesture-handler:extractReleaseAnnotations UP-TO-DATE
> Task :react-native-gesture-handler:mergeReleaseGeneratedProguardFiles UP-TO-DATE
> Task :react-native-gesture-handler:mergeReleaseConsumerProguardFiles UP-TO-DATE
> Task :react-native-gesture-handler:mergeReleaseJavaResource UP-TO-DATE
> Task :react-native-gesture-handler:syncReleaseLibJars UP-TO-DATE
> Task :react-native-screens:lintVitalAnalyzeRelease
> Task :react-native-gesture-handler:bundleReleaseLocalLintAar UP-TO-DATE
> Task :react-native-fast-image:mergeReleaseResources
