--------- beginning of main
--------- beginning of system
02-22 13:08:18.015 E/BatteryStatsService( 1435): Unable to load Power Hal or power.stats HAL
02-22 13:08:18.016 E/BatteryStatsService( 1435): Unable to load Power Hal or power.stats HAL
02-22 13:08:18.028 E/android.system.suspend@1.0-service(  547): Error opening kernel wakelock stats for: wakeup4: Permission denied
02-22 13:08:18.029 E/android.system.suspend@1.0-service(  547): Error opening kernel wakelock stats for: wakeup2: Permission denied
02-22 13:08:18.029 E/android.system.suspend@1.0-service(  547): Error opening kernel wakelock stats for: wakeup16: Permission denied
02-22 13:08:18.029 E/android.system.suspend@1.0-service(  547): Error opening kernel wakelock stats for: wakeup0: Permission denied
02-22 13:08:18.029 E/android.system.suspend@1.0-service(  547): Error opening kernel wakelock stats for: wakeup9: Permission denied
02-22 13:08:18.029 E/android.system.suspend@1.0-service(  547): Error opening kernel wakelock stats for: wakeup14: Permission denied
02-22 13:08:18.029 E/android.system.suspend@1.0-service(  547): Error opening kernel wakelock stats for: wakeup12: Permission denied
02-22 13:08:18.029 E/android.system.suspend@1.0-service(  547): Error opening kernel wakelock stats for: wakeup5: Permission denied
02-22 13:08:18.030 E/android.system.suspend@1.0-service(  547): Error opening kernel wakelock stats for: wakeup19: Permission denied
02-22 13:08:18.030 E/android.system.suspend@1.0-service(  547): Error opening kernel wakelock stats for: wakeup3: Permission denied
02-22 13:08:18.030 E/android.system.suspend@1.0-service(  547): Error opening kernel wakelock stats for: wakeup17: Permission denied
02-22 13:08:18.030 E/android.system.suspend@1.0-service(  547): Error opening kernel wakelock stats for: wakeup1: Permission denied
02-22 13:08:18.030 E/android.system.suspend@1.0-service(  547): Error opening kernel wakelock stats for: wakeup15: Permission denied
02-22 13:08:18.030 E/android.system.suspend@1.0-service(  547): Error opening kernel wakelock stats for: wakeup13: Permission denied
02-22 13:08:18.030 E/android.system.suspend@1.0-service(  547): Error opening kernel wakelock stats for: wakeup21: Permission denied
02-22 13:08:18.030 E/android.system.suspend@1.0-service(  547): Error opening kernel wakelock stats for: wakeup6: Permission denied
02-22 13:08:18.030 E/android.system.suspend@1.0-service(  547): Error opening kernel wakelock stats for: wakeup11: Permission denied
02-22 13:08:18.033 E/android.system.suspend@1.0-service(  547): Error opening kernel wakelock stats for: wakeup4: Permission denied
02-22 13:08:18.033 E/android.system.suspend@1.0-service(  547): Error opening kernel wakelock stats for: wakeup2: Permission denied
02-22 13:08:18.033 E/android.system.suspend@1.0-service(  547): Error opening kernel wakelock stats for: wakeup16: Permission denied
02-22 13:08:18.033 E/android.system.suspend@1.0-service(  547): Error opening kernel wakelock stats for: wakeup0: Permission denied
02-22 13:08:18.034 E/android.system.suspend@1.0-service(  547): Error opening kernel wakelock stats for: wakeup9: Permission denied
02-22 13:08:18.034 E/android.system.suspend@1.0-service(  547): Error opening kernel wakelock stats for: wakeup14: Permission denied
02-22 13:08:18.034 E/android.system.suspend@1.0-service(  547): Error opening kernel wakelock stats for: wakeup12: Permission denied
02-22 13:08:18.034 E/android.system.suspend@1.0-service(  547): Error opening kernel wakelock stats for: wakeup5: Permission denied
02-22 13:08:18.034 E/android.system.suspend@1.0-service(  547): Error opening kernel wakelock stats for: wakeup19: Permission denied
02-22 13:08:18.034 E/android.system.suspend@1.0-service(  547): Error opening kernel wakelock stats for: wakeup3: Permission denied
02-22 13:08:18.034 E/android.system.suspend@1.0-service(  547): Error opening kernel wakelock stats for: wakeup17: Permission denied
02-22 13:08:18.034 E/android.system.suspend@1.0-service(  547): Error opening kernel wakelock stats for: wakeup1: Permission denied
02-22 13:08:18.035 E/android.system.suspend@1.0-service(  547): Error opening kernel wakelock stats for: wakeup15: Permission denied
02-22 13:08:18.035 E/android.system.suspend@1.0-service(  547): Error opening kernel wakelock stats for: wakeup13: Permission denied
02-22 13:08:18.035 E/android.system.suspend@1.0-service(  547): Error opening kernel wakelock stats for: wakeup21: Permission denied
02-22 13:08:18.035 E/android.system.suspend@1.0-service(  547): Error opening kernel wakelock stats for: wakeup6: Permission denied
02-22 13:08:18.035 E/android.system.suspend@1.0-service(  547): Error opening kernel wakelock stats for: wakeup11: Permission denied
02-22 13:08:18.040 E/mtkpower@impl(  740): [setMode] unknown type
02-22 13:08:18.095 E/FMQ     ( 1043): grantorIdx must be less than 3
02-22 13:08:18.095 E/FMQ     ( 1043): grantorIdx must be less than 3
02-22 13:08:18.106 E/FMQ     (  966): grantorIdx must be less than 3
02-22 13:08:18.108 E/FMQ     (  966): grantorIdx must be less than 3
02-22 13:08:18.111 E/ae_mgr  ( 1043): rSensorDynamicInfo.TgInfo = 0 (getSensorDynamicInfo){#766:vendor/mediatek/proprietary/hardware/mtkcam/aaa/source/isp_50/ae_mgr/ae_mgr.cpp}
02-22 13:08:18.112 E/LaserMgr( 1043): eSensorDev = 2 (getInstance){#591:vendor/mediatek/proprietary/hardware/mtkcam/aaa/source/isp_50/laser_mgr/laser_mgr.cpp}
02-22 13:08:18.116 E/paramctrl_lifetime( 1043): open /proc/driver/thermal/clNR_status failed, disable NR cooler
02-22 13:08:18.116 E/paramctrl_lifetime( 1043):  (Paramctrl){#248:vendor/mediatek/proprietary/hardware/mtkcam/aaa/source/isp_50/isp_tuning/paramctrl/paramctrl_lifetime.cpp}
02-22 13:08:18.117 E/lsc_mgr_dft( 1043): sprintf return negative result. (init){#149:vendor/mediatek/proprietary/hardware/mtkcam/aaa/source/common/lsc_mgr/../../isp_50/lsc_mgr/LscMgrDefault.cpp}
02-22 13:08:18.118 E/lsc_mgr_dft( 1043): sprintf return negative result. (init){#149:vendor/mediatek/proprietary/hardware/mtkcam/aaa/source/common/lsc_mgr/../../isp_50/lsc_mgr/LscMgrDefault.cpp}
02-22 13:08:18.118 E/lsc_mgr_dft( 1043): sprintf return negative result. (init){#160:vendor/mediatek/proprietary/hardware/mtkcam/aaa/source/common/lsc_mgr/../../isp_50/lsc_mgr/LscMgrDefault.cpp}
02-22 13:08:18.119 E/lsc_mgr_dft( 1043): sprintf return negative result. (init){#160:vendor/mediatek/proprietary/hardware/mtkcam/aaa/source/common/lsc_mgr/../../isp_50/lsc_mgr/LscMgrDefault.cpp}
02-22 13:08:18.119 E/lsc_mgr_dft( 1043): sprintf return negative result. (init){#171:vendor/mediatek/proprietary/hardware/mtkcam/aaa/source/common/lsc_mgr/../../isp_50/lsc_mgr/LscMgrDefault.cpp}
02-22 13:08:18.119 E/lsc_mgr_dft( 1043): sprintf return negative result. (init){#171:vendor/mediatek/proprietary/hardware/mtkcam/aaa/source/common/lsc_mgr/../../isp_50/lsc_mgr/LscMgrDefault.cpp}
02-22 13:08:18.125 E/JavaBinder( 1435): *** Uncaught remote exception!  (Exceptions are not yet supported across processes.)
02-22 13:08:18.125 E/JavaBinder( 1435): java.lang.RuntimeException: android.os.RemoteException: Couldn't get ApplicationInfo for package android.frameworks.sensorservice@1.0::ISensorManager
02-22 13:08:18.125 E/JavaBinder( 1435): 	at android.os.Parcel.writeException(Parcel.java:2159)
02-22 13:08:18.125 E/JavaBinder( 1435): 	at android.os.Binder.execTransactInternal(Binder.java:1193)
02-22 13:08:18.125 E/JavaBinder( 1435): 	at android.os.Binder.execTransact(Binder.java:1126)
02-22 13:08:18.125 E/JavaBinder( 1435): Caused by: android.os.RemoteException: Couldn't get ApplicationInfo for package android.frameworks.sensorservice@1.0::ISensorManager
02-22 13:08:18.125 E/JavaBinder( 1435): 	at com.android.server.pm.PackageManagerService$PackageManagerNative.getTargetSdkVersionForPackage(PackageManagerService.java:25437)
02-22 13:08:18.125 E/JavaBinder( 1435): 	at android.content.pm.IPackageManagerNative$Stub.onTransact(IPackageManagerNative.java:255)
02-22 13:08:18.125 E/JavaBinder( 1435): 	at android.os.Binder.execTransactInternal(Binder.java:1174)
02-22 13:08:18.125 E/JavaBinder( 1435): 	... 1 more
02-22 13:08:18.167 E/BWC     ( 1043): MTK_IOC_SMI_BWC_INFO_GET failed.:Inappropriate ioctl for device
02-22 13:08:18.167 E/BWC     ( 1043): fail to open mem_bw_ctrl driver file
02-22 13:08:18.167 E/BWC     ( 1043): Failed to switch EMI profile, error: -1
02-22 13:08:18.167 E/BWC     ( 1043): MTK_IOC_SMI_BWC_INFO_SET failed.:Inappropriate ioctl for device
02-22 13:08:18.167 E/BWC     ( 1043): MTK_IOC_MMDVFS_CMD failed.:Inappropriate ioctl for device
02-22 13:08:18.173 E/WifiVendorHal( 1435): getWifiLinkLayerStats_1_3_Internal(l.983) failed {.code = ERROR_NOT_SUPPORTED, .description = }
02-22 13:08:18.185 E/FaceUnlockICamera(16904): on onConfigured
02-22 13:08:18.194 E/ion     (16904): ioctl c0044901 failed with code -1: Invalid argument
02-22 13:08:18.197 E/libc    ( 1043): Access denied finding property "demo.hole"
02-22 13:08:18.197 E/libc    ( 1043): Access denied finding property "demo.near"
02-22 13:08:18.197 E/libc    ( 1043): Access denied finding property "demo.far"
02-22 13:08:18.197 E/libc    ( 1043): Access denied finding property "demo.fb"
02-22 13:08:18.212 E/OperationData( 3128): dayCount = 193 ,timeCount = 0,strDay = null,factStep = 193
02-22 13:08:18.236 E/NormalPipe( 1043): [vendor/mediatek/proprietary/hardware/mtkcam/drv/src/isp/mt6785/iopipe/CamIO/NormalPipeDef.h, updateIQFSM, line1135] ERROR: [2] IQ op error: cur_0, tar_0
02-22 13:08:18.236 E/NormalPipe( 1043):  (updateIQFSM){#1135:vendor/mediatek/proprietary/hardware/mtkcam/drv/src/isp/mt6785/iopipe/CamIO/NormalPipeDef.h}
02-22 13:08:18.236 E/Hal3Av3 ( 1043): [parseConfig] MTK_LOGICAL_MULTI_CAMERA_PHYSICAL_IDS are not defined (parseConfig){#5766:vendor/mediatek/proprietary/hardware/mtkcam/aaa/source/common/hal3a/v1.0/Hal3AAdapter3.cpp}
02-22 13:08:18.238 E/af_mgr_v3( 1043): WAR-ROI : [X]726 [Y]458 [W]852 [H]812 -> [X]726 [Y]458 [W]852 [H]812, [XNUM] 48->0, [YNUM] 48->0 (ConfigHWReg){#6136:vendor/mediatek/proprietary/hardware/mtkcam/aaa/source/isp_50/./af_mgr/af_mgr.cpp}
02-22 13:08:18.241 E/tsf_dft ( 1043): sprintf return negative result. (init){#195:vendor/mediatek/proprietary/hardware/mtkcam/aaa/source/common/lsc_mgr/../../isp_50/lsc_mgr/TsfDft.cpp}
02-22 13:08:18.241 E/AbsCcuCtrlBase( 1043): [vendor/mediatek/proprietary/hardware/libcamera_ext/ccu/mt6785/ver1/drv/src/ccuif/src/ccu_ctrl.cpp, init, line0099] ERROR: CCU BufferList is not ready yet.
02-22 13:08:18.263 E/OperationData( 3128): dayCount = 193 ,timeCount = 0,strDay = null,factStep = 193
02-22 13:08:18.265 E/SensorReader( 1043): [VIDHANCE] readMeta(): Vidhance plugin: meta not found for TRAN_STABILIZER_MODE (tag 3221225600)
02-22 13:08:18.265 E/SensorReader( 1043): [VIDHANCE] readMeta(): Vidhance plugin: meta not found for MTK_CONTROL_AE_TARGET_FPS_RANGE (tag 65541)
02-22 13:08:18.265 E/SensorReader( 1043): [VIDHANCE] readMeta(): Vidhance plugin: meta not found for TRAN_STABILIZER_MODE (tag 3221225600)
02-22 13:08:18.265 E/SensorReader( 1043): [VIDHANCE] readMeta(): Vidhance plugin: meta not found for MTK_CONTROL_AE_TARGET_FPS_RANGE (tag 65541)
02-22 13:08:18.265 E/MtkCam/StreamingPipe/DcesoHal( 1043): [init]missing isp buffer info (init){#72:vendor/mediatek/proprietary/hardware/mtkcam3/feature/core/featurePipe/streaming/DcesoHal.cpp}
02-22 13:08:18.276 E/Hal3ARaw( 1043): [setStereoParams] Dev(2) StereoQ has Error message (setStereoParams){#2049:vendor/mediatek/proprietary/hardware/mtkcam/aaa/source/isp_50/wrapper/Hal3ARawImp.cpp}
02-22 13:08:18.416 E/keyguardgestur(17586): Not starting debugger since process cannot load the jdwp agent.
02-22 13:08:18.441 E/ActivityManager( 1435): Sending non-protected broadcast action.ROAM_INFO_CHANGED from system 1704:com.android.systemui/u0a165 pkg com.android.systemui
02-22 13:08:18.441 E/ActivityManager( 1435): java.lang.Throwable
02-22 13:08:18.441 E/ActivityManager( 1435): 	at com.android.server.am.ActivityManagerService.checkBroadcastFromSystem(ActivityManagerService.java:18004)
02-22 13:08:18.441 E/ActivityManager( 1435): 	at com.android.server.am.ActivityManagerService.broadcastIntentLocked(ActivityManagerService.java:18624)
02-22 13:08:18.441 E/ActivityManager( 1435): 	at com.android.server.am.ActivityManagerService.broadcastIntentLocked(ActivityManagerService.java:18021)
02-22 13:08:18.441 E/ActivityManager( 1435): 	at com.android.server.am.ActivityManagerService.broadcastIntentWithFeature(ActivityManagerService.java:18920)
02-22 13:08:18.441 E/ActivityManager( 1435): 	at android.app.IActivityManager$Stub.onTransact(IActivityManager.java:2605)
02-22 13:08:18.441 E/ActivityManager( 1435): 	at com.android.server.am.ActivityManagerService.onTransact(ActivityManagerService.java:3331)
02-22 13:08:18.441 E/ActivityManager( 1435): 	at android.os.Binder.execTransactInternal(Binder.java:1169)
02-22 13:08:18.441 E/ActivityManager( 1435): 	at android.os.Binder.execTransact(Binder.java:1126)
02-22 13:08:18.442 E/ActivityManager( 1435): Sending non-protected broadcast action.ROAM_INFO_CHANGED from system 1704:com.android.systemui/u0a165 pkg com.android.systemui
02-22 13:08:18.442 E/ActivityManager( 1435): java.lang.Throwable
02-22 13:08:18.442 E/ActivityManager( 1435): 	at com.android.server.am.ActivityManagerService.checkBroadcastFromSystem(ActivityManagerService.java:18004)
02-22 13:08:18.442 E/ActivityManager( 1435): 	at com.android.server.am.ActivityManagerService.broadcastIntentLocked(ActivityManagerService.java:18718)
02-22 13:08:18.442 E/ActivityManager( 1435): 	at com.android.server.am.ActivityManagerService.broadcastIntentLocked(ActivityManagerService.java:18021)
02-22 13:08:18.442 E/ActivityManager( 1435): 	at com.android.server.am.ActivityManagerService.broadcastIntentWithFeature(ActivityManagerService.java:18920)
02-22 13:08:18.442 E/ActivityManager( 1435): 	at android.app.IActivityManager$Stub.onTransact(IActivityManager.java:2605)
02-22 13:08:18.442 E/ActivityManager( 1435): 	at com.android.server.am.ActivityManagerService.onTransact(ActivityManagerService.java:3331)
02-22 13:08:18.442 E/ActivityManager( 1435): 	at android.os.Binder.execTransactInternal(Binder.java:1169)
02-22 13:08:18.442 E/ActivityManager( 1435): 	at android.os.Binder.execTransact(Binder.java:1126)
02-22 13:08:18.453 E/libPowerHal(  740): Could not open '/proc/16904/comm'
02-22 13:08:18.475 E/Hal3ARaw( 1043): [setStereoParams] Dev(2) StereoQ has Error message (setStereoParams){#2049:vendor/mediatek/proprietary/hardware/mtkcam/aaa/source/isp_50/wrapper/Hal3ARawImp.cpp}
02-22 13:08:18.478 E/AudioALSAPlaybackHandlerBase(  717): -getHardwareBufferInfo(), pcm_get_htimestamp fail, ret = -1, pcm_get_error =  flag = 0x4
02-22 13:08:18.515 E/Hal3ARaw( 1043): [setStereoParams] Dev(2) StereoQ has Error message (setStereoParams){#2049:vendor/mediatek/proprietary/hardware/mtkcam/aaa/source/isp_50/wrapper/Hal3ARawImp.cpp}
02-22 13:08:18.517 E/AudioALSAPlaybackHandlerBase(  717): -getHardwareBufferInfo(), pcm_get_htimestamp fail, ret = -1, pcm_get_error =  flag = 0x4
02-22 13:08:18.536 E/BtGatt.ContextMap( 1682): Context not found for ID 0
02-22 13:08:18.549 E/BtGatt.ContextMap( 1682): Context not found for ID 0
02-22 13:08:18.549 E/BtGatt.GattService( 1682): Advertise app or callback is null
02-22 13:08:18.554 E/libc    (17586): Access denied finding property "sys.boot.reason"
02-22 13:08:18.555 E/Utils   (17586): get PRIVATE_FLAG_SHOW_FOR_ALL_USERS error : java.lang.NoSuchFieldException: PRIVATE_FLAG_SHOW_FOR_ALL_USERS
02-22 13:08:18.555 E/Hal3ARaw( 1043): [setStereoParams] Dev(2) StereoQ has Error message (setStereoParams){#2049:vendor/mediatek/proprietary/hardware/mtkcam/aaa/source/isp_50/wrapper/Hal3ARawImp.cpp}
02-22 13:08:18.595 E/SensorManager( 1031): Correct handle(7) mindelay: 200000000 old: 1000000
02-22 13:08:18.596 E/Hal3ARaw( 1043): [setStereoParams] Dev(2) StereoQ has Error message (setStereoParams){#2049:vendor/mediatek/proprietary/hardware/mtkcam/aaa/source/isp_50/wrapper/Hal3ARawImp.cpp}
02-22 13:08:18.619 E/OperationData( 3128): dayCount = 193 ,timeCount = 0,strDay = null,factStep = 193
02-22 13:08:18.636 E/Hal3ARaw( 1043): [setStereoParams] Dev(2) StereoQ has Error message (setStereoParams){#2049:vendor/mediatek/proprietary/hardware/mtkcam/aaa/source/isp_50/wrapper/Hal3ARawImp.cpp}
02-22 13:08:18.673 E/ndroid.systemu( 1704): Invalid ID 0x00000000.
02-22 13:08:18.677 E/Hal3ARaw( 1043): [setStereoParams] Dev(2) StereoQ has Error message (setStereoParams){#2049:vendor/mediatek/proprietary/hardware/mtkcam/aaa/source/isp_50/wrapper/Hal3ARawImp.cpp}
02-22 13:08:18.716 E/Hal3ARaw( 1043): [setStereoParams] Dev(2) StereoQ has Error message (setStereoParams){#2049:vendor/mediatek/proprietary/hardware/mtkcam/aaa/source/isp_50/wrapper/Hal3ARawImp.cpp}
02-22 13:08:18.756 E/Hal3ARaw( 1043): [setStereoParams] Dev(2) StereoQ has Error message (setStereoParams){#2049:vendor/mediatek/proprietary/hardware/mtkcam/aaa/source/isp_50/wrapper/Hal3ARawImp.cpp}
02-22 13:08:18.796 E/Hal3ARaw( 1043): [setStereoParams] Dev(2) StereoQ has Error message (setStereoParams){#2049:vendor/mediatek/proprietary/hardware/mtkcam/aaa/source/isp_50/wrapper/Hal3ARawImp.cpp}
02-22 13:08:18.836 E/Hal3ARaw( 1043): [setStereoParams] Dev(2) StereoQ has Error message (setStereoParams){#2049:vendor/mediatek/proprietary/hardware/mtkcam/aaa/source/isp_50/wrapper/Hal3ARawImp.cpp}
02-22 13:08:18.876 E/Hal3ARaw( 1043): [setStereoParams] Dev(2) StereoQ has Error message (setStereoParams){#2049:vendor/mediatek/proprietary/hardware/mtkcam/aaa/source/isp_50/wrapper/Hal3ARawImp.cpp}
02-22 13:08:18.916 E/Hal3ARaw( 1043): [setStereoParams] Dev(2) StereoQ has Error message (setStereoParams){#2049:vendor/mediatek/proprietary/hardware/mtkcam/aaa/source/isp_50/wrapper/Hal3ARawImp.cpp}
02-22 13:08:18.950 E/Hal3ARaw( 1043): [setStereoParams] Dev(2) StereoQ has Error message (setStereoParams){#2049:vendor/mediatek/proprietary/hardware/mtkcam/aaa/source/isp_50/wrapper/Hal3ARawImp.cpp}
02-22 13:08:18.983 E/Hal3ARaw( 1043): [setStereoParams] Dev(2) StereoQ has Error message (setStereoParams){#2049:vendor/mediatek/proprietary/hardware/mtkcam/aaa/source/isp_50/wrapper/Hal3ARawImp.cpp}
02-22 13:08:19.017 E/Hal3ARaw( 1043): [setStereoParams] Dev(2) StereoQ has Error message (setStereoParams){#2049:vendor/mediatek/proprietary/hardware/mtkcam/aaa/source/isp_50/wrapper/Hal3ARawImp.cpp}
02-22 13:08:19.051 E/Hal3ARaw( 1043): [setStereoParams] Dev(2) StereoQ has Error message (setStereoParams){#2049:vendor/mediatek/proprietary/hardware/mtkcam/aaa/source/isp_50/wrapper/Hal3ARawImp.cpp}
02-22 13:08:19.085 E/Hal3ARaw( 1043): [setStereoParams] Dev(2) StereoQ has Error message (setStereoParams){#2049:vendor/mediatek/proprietary/hardware/mtkcam/aaa/source/isp_50/wrapper/Hal3ARawImp.cpp}
02-22 13:08:19.118 E/Hal3ARaw( 1043): [setStereoParams] Dev(2) StereoQ has Error message (setStereoParams){#2049:vendor/mediatek/proprietary/hardware/mtkcam/aaa/source/isp_50/wrapper/Hal3ARawImp.cpp}
02-22 13:08:19.152 E/Hal3ARaw( 1043): [setStereoParams] Dev(2) StereoQ has Error message (setStereoParams){#2049:vendor/mediatek/proprietary/hardware/mtkcam/aaa/source/isp_50/wrapper/Hal3ARawImp.cpp}
02-22 13:08:19.186 E/Hal3ARaw( 1043): [setStereoParams] Dev(2) StereoQ has Error message (setStereoParams){#2049:vendor/mediatek/proprietary/hardware/mtkcam/aaa/source/isp_50/wrapper/Hal3ARawImp.cpp}
02-22 13:08:19.220 E/Hal3ARaw( 1043): [setStereoParams] Dev(2) StereoQ has Error message (setStereoParams){#2049:vendor/mediatek/proprietary/hardware/mtkcam/aaa/source/isp_50/wrapper/Hal3ARawImp.cpp}
02-22 13:08:19.254 E/Hal3ARaw( 1043): [setStereoParams] Dev(2) StereoQ has Error message (setStereoParams){#2049:vendor/mediatek/proprietary/hardware/mtkcam/aaa/source/isp_50/wrapper/Hal3ARawImp.cpp}
02-22 13:08:19.287 E/Hal3ARaw( 1043): [setStereoParams] Dev(2) StereoQ has Error message (setStereoParams){#2049:vendor/mediatek/proprietary/hardware/mtkcam/aaa/source/isp_50/wrapper/Hal3ARawImp.cpp}
02-22 13:08:19.321 E/Hal3ARaw( 1043): [setStereoParams] Dev(2) StereoQ has Error message (setStereoParams){#2049:vendor/mediatek/proprietary/hardware/mtkcam/aaa/source/isp_50/wrapper/Hal3ARawImp.cpp}
02-22 13:08:19.355 E/Hal3ARaw( 1043): [setStereoParams] Dev(2) StereoQ has Error message (setStereoParams){#2049:vendor/mediatek/proprietary/hardware/mtkcam/aaa/source/isp_50/wrapper/Hal3ARawImp.cpp}
02-22 13:08:19.389 E/Hal3ARaw( 1043): [setStereoParams] Dev(2) StereoQ has Error message (setStereoParams){#2049:vendor/mediatek/proprietary/hardware/mtkcam/aaa/source/isp_50/wrapper/Hal3ARawImp.cpp}
02-22 13:08:19.422 E/Hal3ARaw( 1043): [setStereoParams] Dev(2) StereoQ has Error message (setStereoParams){#2049:vendor/mediatek/proprietary/hardware/mtkcam/aaa/source/isp_50/wrapper/Hal3ARawImp.cpp}
02-22 13:08:19.456 E/Hal3ARaw( 1043): [setStereoParams] Dev(2) StereoQ has Error message (setStereoParams){#2049:vendor/mediatek/proprietary/hardware/mtkcam/aaa/source/isp_50/wrapper/Hal3ARawImp.cpp}
02-22 13:08:19.490 E/Hal3ARaw( 1043): [setStereoParams] Dev(2) StereoQ has Error message (setStereoParams){#2049:vendor/mediatek/proprietary/hardware/mtkcam/aaa/source/isp_50/wrapper/Hal3ARawImp.cpp}
02-22 13:08:19.524 E/Hal3ARaw( 1043): [setStereoParams] Dev(2) StereoQ has Error message (setStereoParams){#2049:vendor/mediatek/proprietary/hardware/mtkcam/aaa/source/isp_50/wrapper/Hal3ARawImp.cpp}
02-22 13:08:19.558 E/Hal3ARaw( 1043): [setStereoParams] Dev(2) StereoQ has Error message (setStereoParams){#2049:vendor/mediatek/proprietary/hardware/mtkcam/aaa/source/isp_50/wrapper/Hal3ARawImp.cpp}
02-22 13:08:19.591 E/Hal3ARaw( 1043): [setStereoParams] Dev(2) StereoQ has Error message (setStereoParams){#2049:vendor/mediatek/proprietary/hardware/mtkcam/aaa/source/isp_50/wrapper/Hal3ARawImp.cpp}
02-22 13:08:19.625 E/Hal3ARaw( 1043): [setStereoParams] Dev(2) StereoQ has Error message (setStereoParams){#2049:vendor/mediatek/proprietary/hardware/mtkcam/aaa/source/isp_50/wrapper/Hal3ARawImp.cpp}
02-22 13:08:19.659 E/Hal3ARaw( 1043): [setStereoParams] Dev(2) StereoQ has Error message (setStereoParams){#2049:vendor/mediatek/proprietary/hardware/mtkcam/aaa/source/isp_50/wrapper/Hal3ARawImp.cpp}
02-22 13:08:19.693 E/Hal3ARaw( 1043): [setStereoParams] Dev(2) StereoQ has Error message (setStereoParams){#2049:vendor/mediatek/proprietary/hardware/mtkcam/aaa/source/isp_50/wrapper/Hal3ARawImp.cpp}
02-22 13:08:19.727 E/Hal3ARaw( 1043): [setStereoParams] Dev(2) StereoQ has Error message (setStereoParams){#2049:vendor/mediatek/proprietary/hardware/mtkcam/aaa/source/isp_50/wrapper/Hal3ARawImp.cpp}
02-22 13:08:19.760 E/Hal3ARaw( 1043): [setStereoParams] Dev(2) StereoQ has Error message (setStereoParams){#2049:vendor/mediatek/proprietary/hardware/mtkcam/aaa/source/isp_50/wrapper/Hal3ARawImp.cpp}
02-22 13:08:19.794 E/Hal3ARaw( 1043): [setStereoParams] Dev(2) StereoQ has Error message (setStereoParams){#2049:vendor/mediatek/proprietary/hardware/mtkcam/aaa/source/isp_50/wrapper/Hal3ARawImp.cpp}
02-22 13:08:19.828 E/Hal3ARaw( 1043): [setStereoParams] Dev(2) StereoQ has Error message (setStereoParams){#2049:vendor/mediatek/proprietary/hardware/mtkcam/aaa/source/isp_50/wrapper/Hal3ARawImp.cpp}
02-22 13:08:19.862 E/Hal3ARaw( 1043): [setStereoParams] Dev(2) StereoQ has Error message (setStereoParams){#2049:vendor/mediatek/proprietary/hardware/mtkcam/aaa/source/isp_50/wrapper/Hal3ARawImp.cpp}
02-22 13:08:19.895 E/Hal3ARaw( 1043): [setStereoParams] Dev(2) StereoQ has Error message (setStereoParams){#2049:vendor/mediatek/proprietary/hardware/mtkcam/aaa/source/isp_50/wrapper/Hal3ARawImp.cpp}
02-22 13:08:19.929 E/Hal3ARaw( 1043): [setStereoParams] Dev(2) StereoQ has Error message (setStereoParams){#2049:vendor/mediatek/proprietary/hardware/mtkcam/aaa/source/isp_50/wrapper/Hal3ARawImp.cpp}
02-22 13:08:19.963 E/Hal3ARaw( 1043): [setStereoParams] Dev(2) StereoQ has Error message (setStereoParams){#2049:vendor/mediatek/proprietary/hardware/mtkcam/aaa/source/isp_50/wrapper/Hal3ARawImp.cpp}
02-22 13:08:19.997 E/Hal3ARaw( 1043): [setStereoParams] Dev(2) StereoQ has Error message (setStereoParams){#2049:vendor/mediatek/proprietary/hardware/mtkcam/aaa/source/isp_50/wrapper/Hal3ARawImp.cpp}
02-22 13:08:20.030 E/Hal3ARaw( 1043): [setStereoParams] Dev(2) StereoQ has Error message (setStereoParams){#2049:vendor/mediatek/proprietary/hardware/mtkcam/aaa/source/isp_50/wrapper/Hal3ARawImp.cpp}
02-22 13:08:20.064 E/Hal3ARaw( 1043): [setStereoParams] Dev(2) StereoQ has Error message (setStereoParams){#2049:vendor/mediatek/proprietary/hardware/mtkcam/aaa/source/isp_50/wrapper/Hal3ARawImp.cpp}
02-22 13:08:20.098 E/Hal3ARaw( 1043): [setStereoParams] Dev(2) StereoQ has Error message (setStereoParams){#2049:vendor/mediatek/proprietary/hardware/mtkcam/aaa/source/isp_50/wrapper/Hal3ARawImp.cpp}
02-22 13:08:20.132 E/Hal3ARaw( 1043): [setStereoParams] Dev(2) StereoQ has Error message (setStereoParams){#2049:vendor/mediatek/proprietary/hardware/mtkcam/aaa/source/isp_50/wrapper/Hal3ARawImp.cpp}
02-22 13:08:20.166 E/Hal3ARaw( 1043): [setStereoParams] Dev(2) StereoQ has Error message (setStereoParams){#2049:vendor/mediatek/proprietary/hardware/mtkcam/aaa/source/isp_50/wrapper/Hal3ARawImp.cpp}
02-22 13:08:20.199 E/Dialer  (15069): ExternalAccountType - Unsupported attribute readOnly
02-22 13:08:20.200 E/Hal3ARaw( 1043): [setStereoParams] Dev(2) StereoQ has Error message (setStereoParams){#2049:vendor/mediatek/proprietary/hardware/mtkcam/aaa/source/isp_50/wrapper/Hal3ARawImp.cpp}
02-22 13:08:20.233 E/Hal3ARaw( 1043): [setStereoParams] Dev(2) StereoQ has Error message (setStereoParams){#2049:vendor/mediatek/proprietary/hardware/mtkcam/aaa/source/isp_50/wrapper/Hal3ARawImp.cpp}
02-22 13:08:20.267 E/Hal3ARaw( 1043): [setStereoParams] Dev(2) StereoQ has Error message (setStereoParams){#2049:vendor/mediatek/proprietary/hardware/mtkcam/aaa/source/isp_50/wrapper/Hal3ARawImp.cpp}
02-22 13:08:20.301 E/Hal3ARaw( 1043): [setStereoParams] Dev(2) StereoQ has Error message (setStereoParams){#2049:vendor/mediatek/proprietary/hardware/mtkcam/aaa/source/isp_50/wrapper/Hal3ARawImp.cpp}
02-22 13:08:20.335 E/Hal3ARaw( 1043): [setStereoParams] Dev(2) StereoQ has Error message (setStereoParams){#2049:vendor/mediatek/proprietary/hardware/mtkcam/aaa/source/isp_50/wrapper/Hal3ARawImp.cpp}
02-22 13:08:20.348 E/PhoneInterfaceManager( 2091): [PhoneIntfMgr] getCarrierPackageNamesForIntentAndPhone: No UICC
02-22 13:08:20.369 E/Hal3ARaw( 1043): [setStereoParams] Dev(2) StereoQ has Error message (setStereoParams){#2049:vendor/mediatek/proprietary/hardware/mtkcam/aaa/source/isp_50/wrapper/Hal3ARawImp.cpp}
02-22 13:08:20.404 E/Hal3ARaw( 1043): [setStereoParams] Dev(2) StereoQ has Error message (setStereoParams){#2049:vendor/mediatek/proprietary/hardware/mtkcam/aaa/source/isp_50/wrapper/Hal3ARawImp.cpp}
02-22 13:08:20.436 E/Hal3ARaw( 1043): [setStereoParams] Dev(2) StereoQ has Error message (setStereoParams){#2049:vendor/mediatek/proprietary/hardware/mtkcam/aaa/source/isp_50/wrapper/Hal3ARawImp.cpp}
02-22 13:08:20.470 E/Hal3ARaw( 1043): [setStereoParams] Dev(2) StereoQ has Error message (setStereoParams){#2049:vendor/mediatek/proprietary/hardware/mtkcam/aaa/source/isp_50/wrapper/Hal3ARawImp.cpp}
02-22 13:08:20.503 E/Hal3ARaw( 1043): [setStereoParams] Dev(2) StereoQ has Error message (setStereoParams){#2049:vendor/mediatek/proprietary/hardware/mtkcam/aaa/source/isp_50/wrapper/Hal3ARawImp.cpp}
02-22 13:08:20.537 E/Hal3ARaw( 1043): [setStereoParams] Dev(2) StereoQ has Error message (setStereoParams){#2049:vendor/mediatek/proprietary/hardware/mtkcam/aaa/source/isp_50/wrapper/Hal3ARawImp.cpp}
02-22 13:08:20.571 E/Hal3ARaw( 1043): [setStereoParams] Dev(2) StereoQ has Error message (setStereoParams){#2049:vendor/mediatek/proprietary/hardware/mtkcam/aaa/source/isp_50/wrapper/Hal3ARawImp.cpp}
02-22 13:08:20.605 E/Hal3ARaw( 1043): [setStereoParams] Dev(2) StereoQ has Error message (setStereoParams){#2049:vendor/mediatek/proprietary/hardware/mtkcam/aaa/source/isp_50/wrapper/Hal3ARawImp.cpp}
02-22 13:08:20.638 E/Hal3ARaw( 1043): [setStereoParams] Dev(2) StereoQ has Error message (setStereoParams){#2049:vendor/mediatek/proprietary/hardware/mtkcam/aaa/source/isp_50/wrapper/Hal3ARawImp.cpp}
02-22 13:08:20.673 E/Hal3ARaw( 1043): [setStereoParams] Dev(2) StereoQ has Error message (setStereoParams){#2049:vendor/mediatek/proprietary/hardware/mtkcam/aaa/source/isp_50/wrapper/Hal3ARawImp.cpp}
02-22 13:08:20.706 E/Hal3ARaw( 1043): [setStereoParams] Dev(2) StereoQ has Error message (setStereoParams){#2049:vendor/mediatek/proprietary/hardware/mtkcam/aaa/source/isp_50/wrapper/Hal3ARawImp.cpp}
02-22 13:08:20.740 E/Hal3ARaw( 1043): [setStereoParams] Dev(2) StereoQ has Error message (setStereoParams){#2049:vendor/mediatek/proprietary/hardware/mtkcam/aaa/source/isp_50/wrapper/Hal3ARawImp.cpp}
02-22 13:08:20.773 E/Hal3ARaw( 1043): [setStereoParams] Dev(2) StereoQ has Error message (setStereoParams){#2049:vendor/mediatek/proprietary/hardware/mtkcam/aaa/source/isp_50/wrapper/Hal3ARawImp.cpp}
02-22 13:08:20.807 E/Hal3ARaw( 1043): [setStereoParams] Dev(2) StereoQ has Error message (setStereoParams){#2049:vendor/mediatek/proprietary/hardware/mtkcam/aaa/source/isp_50/wrapper/Hal3ARawImp.cpp}
02-22 13:08:20.841 E/Hal3ARaw( 1043): [setStereoParams] Dev(2) StereoQ has Error message (setStereoParams){#2049:vendor/mediatek/proprietary/hardware/mtkcam/aaa/source/isp_50/wrapper/Hal3ARawImp.cpp}
02-22 13:08:20.875 E/Hal3ARaw( 1043): [setStereoParams] Dev(2) StereoQ has Error message (setStereoParams){#2049:vendor/mediatek/proprietary/hardware/mtkcam/aaa/source/isp_50/wrapper/Hal3ARawImp.cpp}
02-22 13:08:20.909 E/Hal3ARaw( 1043): [setStereoParams] Dev(2) StereoQ has Error message (setStereoParams){#2049:vendor/mediatek/proprietary/hardware/mtkcam/aaa/source/isp_50/wrapper/Hal3ARawImp.cpp}
02-22 13:08:20.944 E/Hal3ARaw( 1043): [setStereoParams] Dev(2) StereoQ has Error message (setStereoParams){#2049:vendor/mediatek/proprietary/hardware/mtkcam/aaa/source/isp_50/wrapper/Hal3ARawImp.cpp}
02-22 13:08:20.976 E/Hal3ARaw( 1043): [setStereoParams] Dev(2) StereoQ has Error message (setStereoParams){#2049:vendor/mediatek/proprietary/hardware/mtkcam/aaa/source/isp_50/wrapper/Hal3ARawImp.cpp}
02-22 13:08:21.010 E/Hal3ARaw( 1043): [setStereoParams] Dev(2) StereoQ has Error message (setStereoParams){#2049:vendor/mediatek/proprietary/hardware/mtkcam/aaa/source/isp_50/wrapper/Hal3ARawImp.cpp}
02-22 13:08:21.044 E/Hal3ARaw( 1043): [setStereoParams] Dev(2) StereoQ has Error message (setStereoParams){#2049:vendor/mediatek/proprietary/hardware/mtkcam/aaa/source/isp_50/wrapper/Hal3ARawImp.cpp}
02-22 13:08:21.078 E/Hal3ARaw( 1043): [setStereoParams] Dev(2) StereoQ has Error message (setStereoParams){#2049:vendor/mediatek/proprietary/hardware/mtkcam/aaa/source/isp_50/wrapper/Hal3ARawImp.cpp}
02-22 13:08:21.111 E/Hal3ARaw( 1043): [setStereoParams] Dev(2) StereoQ has Error message (setStereoParams){#2049:vendor/mediatek/proprietary/hardware/mtkcam/aaa/source/isp_50/wrapper/Hal3ARawImp.cpp}
02-22 13:08:21.145 E/Hal3ARaw( 1043): [setStereoParams] Dev(2) StereoQ has Error message (setStereoParams){#2049:vendor/mediatek/proprietary/hardware/mtkcam/aaa/source/isp_50/wrapper/Hal3ARawImp.cpp}
02-22 13:08:21.172 E/IntervalStats( 1435): Unable to parse usage stats package 659
02-22 13:08:21.172 E/IntervalStats( 1435): Unable to parse event package 659
02-22 13:08:21.179 E/Hal3ARaw( 1043): [setStereoParams] Dev(2) StereoQ has Error message (setStereoParams){#2049:vendor/mediatek/proprietary/hardware/mtkcam/aaa/source/isp_50/wrapper/Hal3ARawImp.cpp}
02-22 13:08:21.183 E/WifiVendorHal( 1435): getWifiLinkLayerStats_1_3_Internal(l.983) failed {.code = ERROR_NOT_SUPPORTED, .description = }
02-22 13:08:21.213 E/Hal3ARaw( 1043): [setStereoParams] Dev(2) StereoQ has Error message (setStereoParams){#2049:vendor/mediatek/proprietary/hardware/mtkcam/aaa/source/isp_50/wrapper/Hal3ARawImp.cpp}
02-22 13:08:21.246 E/Hal3ARaw( 1043): [setStereoParams] Dev(2) StereoQ has Error message (setStereoParams){#2049:vendor/mediatek/proprietary/hardware/mtkcam/aaa/source/isp_50/wrapper/Hal3ARawImp.cpp}
02-22 13:08:21.280 E/Hal3ARaw( 1043): [setStereoParams] Dev(2) StereoQ has Error message (setStereoParams){#2049:vendor/mediatek/proprietary/hardware/mtkcam/aaa/source/isp_50/wrapper/Hal3ARawImp.cpp}
02-22 13:08:21.291 E/AbsCcuCtrlBase( 1043): [vendor/mediatek/proprietary/hardware/libcamera_ext/ccu/mt6785/ver1/drv/src/ccuif/src/ccu_ctrl.cpp, init, line0099] ERROR: CCU BufferList is not ready yet.
02-22 13:08:21.302 E/BufferQueueProducer(16904): [ImageReader-640x480f23m3-16904-0](id:420800000000,api:4,p:966,c:16904) queueBuffer: BufferQueue has been abandoned
02-22 13:08:21.303 E/Surface (  966): queueBuffer: error queuing buffer to SurfaceTexture, -19
02-22 13:08:21.303 E/Camera3-OutputStream(  966): returnBufferCheckedLocked: Stream 0: Error queueing buffer to native window: No such device (-19)
02-22 13:08:21.319 E/Hal3ARaw( 1043): [setStereoParams] Dev(2) StereoQ has Error message (setStereoParams){#2049:vendor/mediatek/proprietary/hardware/mtkcam/aaa/source/isp_50/wrapper/Hal3ARawImp.cpp}
02-22 13:08:21.322 E/BufferQueueProducer(16904): [ImageReader-640x480f23m3-16904-0](id:420800000000,api:4,p:966,c:16904) cancelBuffer: BufferQueue has been abandoned
02-22 13:08:21.323 E/BufferQueueProducer(16904): [ImageReader-640x480f23m3-16904-0](id:420800000000,api:4,p:966,c:16904) cancelBuffer: BufferQueue has been abandoned
02-22 13:08:21.324 E/NormalPipe( 1043): [vendor/mediatek/proprietary/hardware/mtkcam/drv/src/isp/mt6785/iopipe/CamIO/NormalPipeDef.h, NPIPE_MAP_PATH, line0395] ERROR: Unknown tg (0) (NPIPE_MAP_PATH){#395:vendor/mediatek/proprietary/hardware/mtkcam/drv/src/isp/mt6785/iopipe/CamIO/NormalPipeDef.h}
02-22 13:08:21.324 E/NormalPipe( 1043): [vendor/mediatek/proprietary/hardware/mtkcam/drv/src/isp/mt6785/iopipe/CamIO/NormalPipeDef.h, NPIPE_MAP_PATH, line0395] ERROR: Unknown tg (0) (NPIPE_MAP_PATH){#395:vendor/mediatek/proprietary/hardware/mtkcam/drv/src/isp/mt6785/iopipe/CamIO/NormalPipeDef.h}
02-22 13:08:21.328 E/BufferQueueProducer(16904): [ImageReader-640x480f23m3-16904-0](id:420800000000,api:4,p:966,c:16904) cancelBuffer: BufferQueue has been abandoned
02-22 13:08:21.329 E/BufferQueueProducer(16904): [ImageReader-640x480f23m3-16904-0](id:420800000000,api:4,p:966,c:16904) cancelBuffer: BufferQueue has been abandoned
02-22 13:08:21.333 E/BWC     ( 1043): MTK_IOC_SMI_BWC_INFO_GET failed.:Inappropriate ioctl for device
02-22 13:08:21.333 E/BWC     ( 1043): fail to open mem_bw_ctrl driver file
02-22 13:08:21.333 E/BWC     ( 1043): Failed to switch EMI profile, error: -1
02-22 13:08:21.333 E/BWC     ( 1043): MTK_IOC_SMI_BWC_INFO_SET failed.:Inappropriate ioctl for device
02-22 13:08:21.384 E/ActivityManager( 1435): Sending non-protected broadcast com.android.settings.flashlight.action.FLASHLIGHT_CHANGED from system 1704:com.android.systemui/u0a165 pkg com.android.systemui
02-22 13:08:21.384 E/ActivityManager( 1435): java.lang.Throwable
02-22 13:08:21.384 E/ActivityManager( 1435): 	at com.android.server.am.ActivityManagerService.checkBroadcastFromSystem(ActivityManagerService.java:18004)
02-22 13:08:21.384 E/ActivityManager( 1435): 	at com.android.server.am.ActivityManagerService.broadcastIntentLocked(ActivityManagerService.java:18718)
02-22 13:08:21.384 E/ActivityManager( 1435): 	at com.android.server.am.ActivityManagerService.broadcastIntentLocked(ActivityManagerService.java:18021)
02-22 13:08:21.384 E/ActivityManager( 1435): 	at com.android.server.am.ActivityManagerService.broadcastIntentWithFeature(ActivityManagerService.java:18920)
02-22 13:08:21.384 E/ActivityManager( 1435): 	at android.app.IActivityManager$Stub.onTransact(IActivityManager.java:2605)
02-22 13:08:21.384 E/ActivityManager( 1435): 	at com.android.server.am.ActivityManagerService.onTransact(ActivityManagerService.java:3331)
02-22 13:08:21.384 E/ActivityManager( 1435): 	at android.os.Binder.execTransactInternal(Binder.java:1169)
02-22 13:08:21.384 E/ActivityManager( 1435): 	at android.os.Binder.execTransact(Binder.java:1126)
02-22 13:08:21.800 E/WifiVendorHal( 1435): getWifiLinkLayerStats_1_3_Internal(l.983) failed {.code = ERROR_NOT_SUPPORTED, .description = }
02-22 13:08:22.675 E/os_lock_pop_DialogService(17374): insertPopData: pkg = com.pakuni, state = 1, count = 1
02-22 13:08:22.680 E/os_lock_pop_LockPopUtils( 3128): setVisibleToKeyguard: =========================================== from = dbAppHealper---insertAppValue
02-22 13:08:22.705 E/os_lock_pop_DialogService(17374): onDestroy: --------------
02-22 13:08:23.403 E/[GF_HAL][FingerprintCore]( 1119): [onAuthReceivedEvt] processEnd == 1
02-22 13:08:23.638 E/[GF_HAL][Sensor]( 1119): [detectTemperature] Open /sys/class/thermal/thermal_zone74/temp.
02-22 13:08:23.638 E/[GF_HAL][Sensor]( 1119): [detectTemperature] Open /sys/class/thermal/thermal_zone74/temp error.
02-22 13:08:23.815 E/KeyguardViewMediator11.0.4.138( 1704): mHideAnimationFinishedRunnable#run
02-22 13:08:23.898 E/ion     (17385): ioctl c0044901 failed with code -1: Invalid argument
02-22 13:08:23.911 E/InputDispatcher( 1435): Record dispatchKey again after start no focus window countdown - 
02-22 13:08:23.911 E/InputDispatcher( 1435):  eventTime=69547916125605, deviceId=5, source=0x101, displayId=-1, policyFlags=0x42000000, action=0x0, flags=0x8, keyCode=0x127, scanCode=0xc3, metaState=0x0, repeatCount=3, interceptKeyResult=INTERCEPT_KEY_RESULT_CONTINUE, downTime=69547414237000
02-22 13:08:23.911 E/InputDispatcher( 1435): Record dispatchKey again after start no focus window countdown come to find Focus.
02-22 13:08:23.925 E/InputDispatcher( 1435): Record dispatchKey again after start no focus window countdown - 
02-22 13:08:23.925 E/InputDispatcher( 1435):  eventTime=69547916125605, deviceId=5, source=0x101, displayId=-1, policyFlags=0x42000000, action=0x0, flags=0x8, keyCode=0x127, scanCode=0xc3, metaState=0x0, repeatCount=3, interceptKeyResult=INTERCEPT_KEY_RESULT_CONTINUE, downTime=69547414237000
02-22 13:08:23.925 E/InputDispatcher( 1435): Record dispatchKey again after start no focus window countdown come to find Focus.
02-22 13:08:23.929 E/InputDispatcher( 1435): Record dispatchKey again after start no focus window countdown - 
02-22 13:08:23.929 E/InputDispatcher( 1435):  eventTime=69547916125605, deviceId=5, source=0x101, displayId=-1, policyFlags=0x42000000, action=0x0, flags=0x8, keyCode=0x127, scanCode=0xc3, metaState=0x0, repeatCount=3, interceptKeyResult=INTERCEPT_KEY_RESULT_CONTINUE, downTime=69547414237000
02-22 13:08:23.929 E/InputDispatcher( 1435): Record dispatchKey again after start no focus window countdown come to find Focus.
02-22 13:08:23.935 E/TranssionChargingUtils( 1704): makeFingerprintViewVisible: NoSuchMethodException
02-22 13:08:24.187 E/WifiVendorHal( 1435): getWifiLinkLayerStats_1_3_Internal(l.983) failed {.code = ERROR_NOT_SUPPORTED, .description = }
02-22 13:08:24.704 E/SlideDampingBounceHelpe( 1704): handleDownTouchEvent mTrackingPointerId=0
02-22 13:08:24.705 E/SlideDampingBounceHelpe( 1704): handleDownTouchEvent mTrackingPointerId=0
02-22 13:08:26.143 E/SlideDampingBounceHelpe( 1704): handleDownTouchEvent mTrackingPointerId=0
02-22 13:08:27.193 E/WifiVendorHal( 1435): getWifiLinkLayerStats_1_3_Internal(l.983) failed {.code = ERROR_NOT_SUPPORTED, .description = }
02-22 13:08:27.225 E/SlideDampingBounceHelpe( 1704): handleDownTouchEvent mTrackingPointerId=0
02-22 13:08:27.225 E/SlideDampingBounceHelpe( 1704): handleDownTouchEvent mTrackingPointerId=0
02-22 13:08:27.323 E/SlideDampingBounceHelpe( 1704): Invalid pointerId=-1 in onTouchEvent ACTION_MOVE
02-22 13:08:27.340 E/SlideDampingBounceHelpe( 1704): Invalid pointerId=-1 in onTouchEvent ACTION_MOVE
02-22 13:08:27.356 E/SlideDampingBounceHelpe( 1704): Invalid pointerId=-1 in onTouchEvent ACTION_MOVE
02-22 13:08:27.360 E/SlideDampingBounceHelpe( 1704): Invalid pointerId=-1 in onTouchEvent ACTION_MOVE
02-22 13:08:27.362 E/SlideDampingBounceHelpe( 1704): Invalid pointerId=-1 in onTouchEvent ACTION_UP
02-22 13:08:27.588 E/com.gallery20(17717): Not starting debugger since process cannot load the jdwp agent.
02-22 13:08:27.707 E/AiGallery/AlbumOrderCfg(17717): <loadConfig> [ERROR] invalid context of config file
02-22 13:08:27.708 E/AiGallery/AlbumOrderCfg(17717): <loadConfig> finished, loaded orderCnt=28, costTime=6ms
02-22 13:08:27.770 E/keymaster_worker( 1002): request start
02-22 13:08:27.771 E/keymaster_worker( 1002): request end
02-22 13:08:27.771 E/keymaster_worker( 1002): request start
02-22 13:08:27.771 E/keymaster_worker( 1002): request end
02-22 13:08:27.774 E/keymaster_worker( 1002): request start
02-22 13:08:27.778 E/keymaster_worker( 1002): request end
02-22 13:08:27.779 E/keymaster_worker( 1002): request start
02-22 13:08:27.781 E/keymaster_worker( 1002): request end
02-22 13:08:27.850 E/earchbox:searc(17772): Not starting debugger since process cannot load the jdwp agent.
02-22 13:08:28.099 E/libprocessgroup(17772): set_timerslack_ns write failed: Operation not permitted
02-22 13:08:28.227 E/Parcel  ( 1435): Class not found when unmarshalling: com.google.android.gms.auth.api.signin.internal.SignInConfiguration
02-22 13:08:28.227 E/Parcel  ( 1435): java.lang.ClassNotFoundException: com.google.android.gms.auth.api.signin.internal.SignInConfiguration
02-22 13:08:28.227 E/Parcel  ( 1435): 	at java.lang.Class.classForName(Native Method)
02-22 13:08:28.227 E/Parcel  ( 1435): 	at java.lang.Class.forName(Class.java:454)
02-22 13:08:28.227 E/Parcel  ( 1435): 	at android.os.Parcel.readParcelableCreator(Parcel.java:3339)
02-22 13:08:28.227 E/Parcel  ( 1435): 	at android.os.Parcel.readParcelable(Parcel.java:3273)
02-22 13:08:28.227 E/Parcel  ( 1435): 	at android.os.Parcel.readValue(Parcel.java:3175)
02-22 13:08:28.227 E/Parcel  ( 1435): 	at android.os.Parcel.readArrayMapInternal(Parcel.java:3568)
02-22 13:08:28.227 E/Parcel  ( 1435): 	at android.os.BaseBundle.initializeFromParcelLocked(BaseBundle.java:292)
02-22 13:08:28.227 E/Parcel  ( 1435): 	at android.os.BaseBundle.unparcel(BaseBundle.java:236)
02-22 13:08:28.227 E/Parcel  ( 1435): 	at android.os.BaseBundle.containsKey(BaseBundle.java:516)
02-22 13:08:28.227 E/Parcel  ( 1435): 	at android.content.Intent.hasExtra(Intent.java:8066)
02-22 13:08:28.227 E/Parcel  ( 1435): 	at com.android.server.wm.ActivityStarter$Request.isPublicIntent(ActivityStarter.java:635)
02-22 13:08:28.227 E/Parcel  ( 1435): 	at com.android.server.wm.ActivityStarter$Request.checkDualprofileControl(ActivityStarter.java:755)
02-22 13:08:28.227 E/Parcel  ( 1435): 	at com.android.server.wm.ActivityStarter$Request.resolveActivity(ActivityStarter.java:945)
02-22 13:08:28.227 E/Parcel  ( 1435): 	at com.android.server.wm.ActivityStarter.execute(ActivityStarter.java:1283)
02-22 13:08:28.227 E/Parcel  ( 1435): 	at com.android.server.wm.ActivityTaskManagerService.startActivityAsUser(ActivityTaskManagerService.java:1258)
02-22 13:08:28.227 E/Parcel  ( 1435): 	at com.android.server.wm.ActivityTaskManagerService.startActivityAsUser(ActivityTaskManagerService.java:1201)
02-22 13:08:28.227 E/Parcel  ( 1435): 	at com.android.server.wm.ActivityTaskManagerService.startActivity(ActivityTaskManagerService.java:1176)
02-22 13:08:28.227 E/Parcel  ( 1435): 	at android.app.IActivityTaskManager$Stub.onTransact(IActivityTaskManager.java:1677)
02-22 13:08:28.227 E/Parcel  ( 1435): 	at com.android.server.wm.ActivityTaskManagerService.onTransact(ActivityTaskManagerService.java:8295)
02-22 13:08:28.227 E/Parcel  ( 1435): 	at android.os.Binder.execTransactInternal(Binder.java:1169)
02-22 13:08:28.227 E/Parcel  ( 1435): 	at android.os.Binder.execTransact(Binder.java:1126)
02-22 13:08:28.227 E/Parcel  ( 1435): Caused by: java.lang.ClassNotFoundException: com.google.android.gms.auth.api.signin.internal.SignInConfiguration
02-22 13:08:28.227 E/Parcel  ( 1435): 	... 21 more
02-22 13:08:28.228 E/Parcel  ( 1435): Class not found when unmarshalling: com.google.android.gms.auth.api.signin.internal.SignInConfiguration
02-22 13:08:28.228 E/Parcel  ( 1435): java.lang.ClassNotFoundException: com.google.android.gms.auth.api.signin.internal.SignInConfiguration
02-22 13:08:28.228 E/Parcel  ( 1435): 	at java.lang.Class.classForName(Native Method)
02-22 13:08:28.228 E/Parcel  ( 1435): 	at java.lang.Class.forName(Class.java:454)
02-22 13:08:28.228 E/Parcel  ( 1435): 	at android.os.Parcel.readParcelableCreator(Parcel.java:3339)
02-22 13:08:28.228 E/Parcel  ( 1435): 	at android.os.Parcel.readParcelable(Parcel.java:3273)
02-22 13:08:28.228 E/Parcel  ( 1435): 	at android.os.Parcel.readValue(Parcel.java:3175)
02-22 13:08:28.228 E/Parcel  ( 1435): 	at android.os.Parcel.readArrayMapInternal(Parcel.java:3568)
02-22 13:08:28.228 E/Parcel  ( 1435): 	at android.os.BaseBundle.initializeFromParcelLocked(BaseBundle.java:292)
02-22 13:08:28.228 E/Parcel  ( 1435): 	at android.os.BaseBundle.unparcel(BaseBundle.java:236)
02-22 13:08:28.228 E/Parcel  ( 1435): 	at android.os.BaseBundle.containsKey(BaseBundle.java:516)
02-22 13:08:28.228 E/Parcel  ( 1435): 	at android.content.Intent.hasExtra(Intent.java:8066)
02-22 13:08:28.228 E/Parcel  ( 1435): 	at com.android.server.wm.ActivityStarter$Request.isPublicIntent(ActivityStarter.java:635)
02-22 13:08:28.228 E/Parcel  ( 1435): 	at com.android.server.wm.ActivityStarter$Request.resolveDualprofileIntent(ActivityStarter.java:823)
02-22 13:08:28.228 E/Parcel  ( 1435): 	at com.android.server.wm.ActivityStarter$Request.resolveActivity(ActivityStarter.java:946)
02-22 13:08:28.228 E/Parcel  ( 1435): 	at com.android.server.wm.ActivityStarter.execute(ActivityStarter.java:1283)
02-22 13:08:28.228 E/Parcel  ( 1435): 	at com.android.server.wm.ActivityTaskManagerService.startActivityAsUser(ActivityTaskManagerService.java:1258)
02-22 13:08:28.228 E/Parcel  ( 1435): 	at com.android.server.wm.ActivityTaskManagerService.startActivityAsUser(ActivityTaskManagerService.java:1201)
02-22 13:08:28.228 E/Parcel  ( 1435): 	at com.android.server.wm.ActivityTaskManagerService.startActivity(ActivityTaskManagerService.java:1176)
02-22 13:08:28.228 E/Parcel  ( 1435): 	at android.app.IActivityTaskManager$Stub.onTransact(IActivityTaskManager.java:1677)
02-22 13:08:28.228 E/Parcel  ( 1435): 	at com.android.server.wm.ActivityTaskManagerService.onTransact(ActivityTaskManagerService.java:8295)
02-22 13:08:28.228 E/Parcel  ( 1435): 	at android.os.Binder.execTransactInternal(Binder.java:1169)
02-22 13:08:28.228 E/Parcel  ( 1435): 	at android.os.Binder.execTransact(Binder.java:1126)
02-22 13:08:28.228 E/Parcel  ( 1435): Caused by: java.lang.ClassNotFoundException: com.google.android.gms.auth.api.signin.internal.SignInConfiguration
02-22 13:08:28.228 E/Parcel  ( 1435): 	... 21 more
02-22 13:08:28.253 E/ActivityTaskManager( 1435): [LUCID] lucid_r.packageNamge: com.pakuni lucid_r.state:PAUSING ignored!
02-22 13:08:28.269 E/.android.gms.u(17825): Not starting debugger since process cannot load the jdwp agent.
02-22 13:08:28.515 E/libc    (17825): Access denied finding property "ro.vendor.pref_scale_resolution"
02-22 13:08:28.776 E/ActivityTaskManager( 1435): [LUCID] lucid_r.packageNamge: com.pakuni lucid_r.state:PAUSING ignored!
02-22 13:08:29.092 E/AiGallery/RemoteCfg(17717): <loadConfig> [ERROR] Cannot fetch path list
02-22 13:08:30.197 E/WifiVendorHal( 1435): getWifiLinkLayerStats_1_3_Internal(l.983) failed {.code = ERROR_NOT_SUPPORTED, .description = }
02-22 13:08:30.363 I/chromium(17385): [0222/130830.363023:INFO:android_webview/browser/variations/variations_seed_loader.cc:67] Failed to open file for reading.: No such file or directory (2)
02-22 13:08:30.363 I/chromium(17385): [0222/130830.363315:INFO:android_webview/browser/variations/variations_seed_loader.cc:67] Failed to open file for reading.: No such file or directory (2)
02-22 13:08:30.620 E/ReactNativeJS(17385): [TypeError: Network request failed]
02-22 13:08:30.623 E/unknown:ReactNative(17385): TypeError: Network request failed, stack:
02-22 13:08:30.623 E/unknown:ReactNative(17385): anonymous@1:331739
02-22 13:08:30.850 E/chbox:googleap(17909): Not starting debugger since process cannot load the jdwp agent.
02-22 13:08:31.461 E/ranssion.facei(17950): Not starting debugger since process cannot load the jdwp agent.
02-22 13:08:31.512 E/keymaster_worker( 1002): request start
02-22 13:08:31.512 E/keymaster_worker( 1002): request end
02-22 13:08:31.513 E/keymaster_worker( 1002): request start
02-22 13:08:31.515 E/keymaster_worker( 1002): request end
02-22 13:08:31.524 E/keymaster_worker( 1002): request start
02-22 13:08:31.524 E/keymaster_worker( 1002): request end
02-22 13:08:31.527 E/keymaster_worker( 1002): request start
02-22 13:08:31.528 E/keymaster_worker( 1002): request end
02-22 13:08:31.533 E/keymaster_worker( 1002): request start
02-22 13:08:31.533 E/keymaster_worker( 1002): request end
02-22 13:08:31.534 E/keymaster_worker( 1002): request start
02-22 13:08:31.540 E/keymaster_worker( 1002): request end
02-22 13:08:31.540 E/keymaster_worker( 1002): request start
02-22 13:08:31.542 E/keymaster_worker( 1002): request end
02-22 13:08:31.543 E/keymaster_worker( 1002): request start
02-22 13:08:31.553 E/keymaster_worker( 1002): request end
02-22 13:08:31.865 W/chromium(17909): [0222/130831.865256:WARNING:components/cronet/url_request_context_config.cc:769] Unrecognized Cronet experimental option "enable_telemetry" with params "true
02-22 13:08:31.865 W/chromium(17909): 
02-22 13:08:32.301 E/OperationData( 3128): dayCount = 193 ,timeCount = 0,strDay = null,factStep = 193
02-22 13:08:33.202 E/WifiVendorHal( 1435): getWifiLinkLayerStats_1_3_Internal(l.983) failed {.code = ERROR_NOT_SUPPORTED, .description = }
02-22 13:08:33.620 E/libc    ( 1029): Access denied finding property "ro.mtk_crossmount_support"
02-22 13:08:33.620 E/libc    ( 1029): Access denied finding property "ro.mtk_deinterlace_support"
02-22 13:08:33.624 E/MtkOmxVdecExV4L2( 1029): [0xf06b4030] ----, err:-2147479526
